Archive member included to satisfy reference by file (symbol)

c:/progra~2/gnuarm~1/102021~1.10/bin/../lib/gcc/arm-none-eabi/10.3.1/thumb/v7e-m/nofp\libgcc.a(_aeabi_uldivmod.o)
                              CMakeFiles/Test.elf.dir/Drivers/STM32L4xx_HAL_Driver/Src/stm32l4xx_hal_uart.c.obj (__aeabi_uldivmod)
c:/progra~2/gnuarm~1/102021~1.10/bin/../lib/gcc/arm-none-eabi/10.3.1/thumb/v7e-m/nofp\libgcc.a(_udivmoddi4.o)
                              c:/progra~2/gnuarm~1/102021~1.10/bin/../lib/gcc/arm-none-eabi/10.3.1/thumb/v7e-m/nofp\libgcc.a(_aeabi_uldivmod.o) (__udivmoddi4)
c:/progra~2/gnuarm~1/102021~1.10/bin/../lib/gcc/arm-none-eabi/10.3.1/thumb/v7e-m/nofp\libgcc.a(_dvmd_tls.o)
                              c:/progra~2/gnuarm~1/102021~1.10/bin/../lib/gcc/arm-none-eabi/10.3.1/thumb/v7e-m/nofp\libgcc.a(_aeabi_uldivmod.o) (__aeabi_ldiv0)
c:/progra~2/gnuarm~1/102021~1.10/bin/../lib/gcc/arm-none-eabi/10.3.1/../../../../arm-none-eabi/lib/thumb/v7e-m/nofp\libg.a(lib_a-errno.o)
                              CMakeFiles/Test.elf.dir/Core/Src/retarget.c.obj (__errno)
c:/progra~2/gnuarm~1/102021~1.10/bin/../lib/gcc/arm-none-eabi/10.3.1/../../../../arm-none-eabi/lib/thumb/v7e-m/nofp\libg.a(lib_a-exit.o)
                              c:/progra~2/gnuarm~1/102021~1.10/bin/../lib/gcc/arm-none-eabi/10.3.1/../../../../arm-none-eabi/lib/thumb/v7e-m/nofp/crt0.o (exit)
c:/progra~2/gnuarm~1/102021~1.10/bin/../lib/gcc/arm-none-eabi/10.3.1/../../../../arm-none-eabi/lib/thumb/v7e-m/nofp\libg.a(lib_a-impure.o)
                              c:/progra~2/gnuarm~1/102021~1.10/bin/../lib/gcc/arm-none-eabi/10.3.1/../../../../arm-none-eabi/lib/thumb/v7e-m/nofp\libg.a(lib_a-exit.o) (_global_impure_ptr)
c:/progra~2/gnuarm~1/102021~1.10/bin/../lib/gcc/arm-none-eabi/10.3.1/../../../../arm-none-eabi/lib/thumb/v7e-m/nofp\libg.a(lib_a-init.o)
                              c:/progra~2/gnuarm~1/102021~1.10/bin/../lib/gcc/arm-none-eabi/10.3.1/../../../../arm-none-eabi/lib/thumb/v7e-m/nofp/crt0.o (__libc_init_array)
c:/progra~2/gnuarm~1/102021~1.10/bin/../lib/gcc/arm-none-eabi/10.3.1/../../../../arm-none-eabi/lib/thumb/v7e-m/nofp\libg.a(lib_a-memset.o)
                              c:/progra~2/gnuarm~1/102021~1.10/bin/../lib/gcc/arm-none-eabi/10.3.1/../../../../arm-none-eabi/lib/thumb/v7e-m/nofp/crt0.o (memset)
c:/progra~2/gnuarm~1/102021~1.10/bin/../lib/gcc/arm-none-eabi/10.3.1/../../../../arm-none-eabi/lib/thumb/v7e-m/nofp\libg.a(lib_a-printf.o)
                              CMakeFiles/Test.elf.dir/Core/Src/main.c.obj (printf)
c:/progra~2/gnuarm~1/102021~1.10/bin/../lib/gcc/arm-none-eabi/10.3.1/../../../../arm-none-eabi/lib/thumb/v7e-m/nofp\libg.a(lib_a-puts.o)
                              CMakeFiles/Test.elf.dir/Core/Src/main.c.obj (puts)
c:/progra~2/gnuarm~1/102021~1.10/bin/../lib/gcc/arm-none-eabi/10.3.1/../../../../arm-none-eabi/lib/thumb/v7e-m/nofp\libg.a(lib_a-setvbuf.o)
                              CMakeFiles/Test.elf.dir/Core/Src/retarget.c.obj (setvbuf)
c:/progra~2/gnuarm~1/102021~1.10/bin/../lib/gcc/arm-none-eabi/10.3.1/../../../../arm-none-eabi/lib/thumb/v7e-m/nofp\libg.a(lib_a-strlen.o)
                              c:/progra~2/gnuarm~1/102021~1.10/bin/../lib/gcc/arm-none-eabi/10.3.1/../../../../arm-none-eabi/lib/thumb/v7e-m/nofp\libg.a(lib_a-puts.o) (strlen)
c:/progra~2/gnuarm~1/102021~1.10/bin/../lib/gcc/arm-none-eabi/10.3.1/../../../../arm-none-eabi/lib/thumb/v7e-m/nofp\libg.a(lib_a-vfprintf.o)
                              c:/progra~2/gnuarm~1/102021~1.10/bin/../lib/gcc/arm-none-eabi/10.3.1/../../../../arm-none-eabi/lib/thumb/v7e-m/nofp\libg.a(lib_a-printf.o) (_vfprintf_r)
c:/progra~2/gnuarm~1/102021~1.10/bin/../lib/gcc/arm-none-eabi/10.3.1/../../../../arm-none-eabi/lib/thumb/v7e-m/nofp\libg.a(lib_a-wsetup.o)
                              c:/progra~2/gnuarm~1/102021~1.10/bin/../lib/gcc/arm-none-eabi/10.3.1/../../../../arm-none-eabi/lib/thumb/v7e-m/nofp\libg.a(lib_a-vfprintf.o) (__swsetup_r)
c:/progra~2/gnuarm~1/102021~1.10/bin/../lib/gcc/arm-none-eabi/10.3.1/../../../../arm-none-eabi/lib/thumb/v7e-m/nofp\libg.a(lib_a-__call_atexit.o)
                              c:/progra~2/gnuarm~1/102021~1.10/bin/../lib/gcc/arm-none-eabi/10.3.1/../../../../arm-none-eabi/lib/thumb/v7e-m/nofp\libg.a(lib_a-exit.o) (__call_exitprocs)
c:/progra~2/gnuarm~1/102021~1.10/bin/../lib/gcc/arm-none-eabi/10.3.1/../../../../arm-none-eabi/lib/thumb/v7e-m/nofp\libg.a(lib_a-atexit.o)
                              c:/progra~2/gnuarm~1/102021~1.10/bin/../lib/gcc/arm-none-eabi/10.3.1/../../../../arm-none-eabi/lib/thumb/v7e-m/nofp\libg.a(lib_a-__call_atexit.o) (atexit)
c:/progra~2/gnuarm~1/102021~1.10/bin/../lib/gcc/arm-none-eabi/10.3.1/../../../../arm-none-eabi/lib/thumb/v7e-m/nofp\libg.a(lib_a-dtoa.o)
                              c:/progra~2/gnuarm~1/102021~1.10/bin/../lib/gcc/arm-none-eabi/10.3.1/../../../../arm-none-eabi/lib/thumb/v7e-m/nofp\libg.a(lib_a-vfprintf.o) (_dtoa_r)
[...]
Memory Configuration

Name             Origin             Length             Attributes
RAM              0x20000000         0x00050000         xrw
RAM2             0x10000000         0x00010000         xrw
FLASH            0x08000000         0x00080000         xr
*default*        0x00000000         0xffffffff

Linker script and memory map

LOAD c:/progra~2/gnuarm~1/102021~1.10/bin/../lib/gcc/arm-none-eabi/10.3.1/thumb/v7e-m/nofp/crti.o
LOAD c:/progra~2/gnuarm~1/102021~1.10/bin/../lib/gcc/arm-none-eabi/10.3.1/thumb/v7e-m/nofp/crtbegin.o
LOAD c:/progra~2/gnuarm~1/102021~1.10/bin/../lib/gcc/arm-none-eabi/10.3.1/../../../../arm-none-eabi/lib/thumb/v7e-m/nofp/crt0.o
LOAD CMakeFiles/Test.elf.dir/Core/Src/beep.c.obj
LOAD CMakeFiles/Test.elf.dir/Core/Src/gpio.c.obj
LOAD CMakeFiles/Test.elf.dir/Core/Src/key.c.obj
LOAD CMakeFiles/Test.elf.dir/Core/Src/led.c.obj
LOAD CMakeFiles/Test.elf.dir/Core/Src/main.c.obj
LOAD CMakeFiles/Test.elf.dir/Core/Src/retarget.c.obj
LOAD CMakeFiles/Test.elf.dir/Core/Src/stm32l4xx_hal_msp.c.obj
LOAD CMakeFiles/Test.elf.dir/Core/Src/stm32l4xx_it.c.obj
LOAD CMakeFiles/Test.elf.dir/Core/Src/syscalls.c.obj
LOAD CMakeFiles/Test.elf.dir/Core/Src/sysmem.c.obj
LOAD CMakeFiles/Test.elf.dir/Core/Src/system_stm32l4xx.c.obj
LOAD CMakeFiles/Test.elf.dir/Core/Src/usart.c.obj
LOAD CMakeFiles/Test.elf.dir/Core/Startup/startup_stm32l496vetx.s.obj
LOAD CMakeFiles/Test.elf.dir/Drivers/STM32L4xx_HAL_Driver/Src/stm32l4xx_hal.c.obj
LOAD CMakeFiles/Test.elf.dir/Drivers/STM32L4xx_HAL_Driver/Src/stm32l4xx_hal_cortex.c.obj
LOAD CMakeFiles/Test.elf.dir/Drivers/STM32L4xx_HAL_Driver/Src/stm32l4xx_hal_dma.c.obj
LOAD CMakeFiles/Test.elf.dir/Drivers/STM32L4xx_HAL_Driver/Src/stm32l4xx_hal_dma_ex.c.obj
LOAD CMakeFiles/Test.elf.dir/Drivers/STM32L4xx_HAL_Driver/Src/stm32l4xx_hal_exti.c.obj
LOAD CMakeFiles/Test.elf.dir/Drivers/STM32L4xx_HAL_Driver/Src/stm32l4xx_hal_flash.c.obj
LOAD CMakeFiles/Test.elf.dir/Drivers/STM32L4xx_HAL_Driver/Src/stm32l4xx_hal_flash_ex.c.obj
LOAD CMakeFiles/Test.elf.dir/Drivers/STM32L4xx_HAL_Driver/Src/stm32l4xx_hal_flash_ramfunc.c.obj
LOAD CMakeFiles/Test.elf.dir/Drivers/STM32L4xx_HAL_Driver/Src/stm32l4xx_hal_gpio.c.obj
LOAD CMakeFiles/Test.elf.dir/Drivers/STM32L4xx_HAL_Driver/Src/stm32l4xx_hal_pwr.c.obj
LOAD CMakeFiles/Test.elf.dir/Drivers/STM32L4xx_HAL_Driver/Src/stm32l4xx_hal_pwr_ex.c.obj
LOAD CMakeFiles/Test.elf.dir/Drivers/STM32L4xx_HAL_Driver/Src/stm32l4xx_hal_rcc.c.obj
LOAD CMakeFiles/Test.elf.dir/Drivers/STM32L4xx_HAL_Driver/Src/stm32l4xx_hal_rcc_ex.c.obj
LOAD CMakeFiles/Test.elf.dir/Drivers/STM32L4xx_HAL_Driver/Src/stm32l4xx_hal_tim.c.obj
LOAD CMakeFiles/Test.elf.dir/Drivers/STM32L4xx_HAL_Driver/Src/stm32l4xx_hal_tim_ex.c.obj
LOAD CMakeFiles/Test.elf.dir/Drivers/STM32L4xx_HAL_Driver/Src/stm32l4xx_hal_uart.c.obj
LOAD CMakeFiles/Test.elf.dir/Drivers/STM32L4xx_HAL_Driver/Src/stm32l4xx_hal_uart_ex.c.obj
START GROUP
LOAD c:/progra~2/gnuarm~1/102021~1.10/bin/../lib/gcc/arm-none-eabi/10.3.1/thumb/v7e-m/nofp\libgcc.a
LOAD c:/progra~2/gnuarm~1/102021~1.10/bin/../lib/gcc/arm-none-eabi/10.3.1/../../../../arm-none-eabi/lib/thumb/v7e-m/nofp\libg.a
LOAD c:/progra~2/gnuarm~1/102021~1.10/bin/../lib/gcc/arm-none-eabi/10.3.1/../../../../arm-none-eabi/lib/thumb/v7e-m/nofp\libc.a
END GROUP
LOAD c:/progra~2/gnuarm~1/102021~1.10/bin/../lib/gcc/arm-none-eabi/10.3.1/thumb/v7e-m/nofp/crtend.o
LOAD c:/progra~2/gnuarm~1/102021~1.10/bin/../lib/gcc/arm-none-eabi/10.3.1/thumb/v7e-m/nofp/crtn.o
                0x20050000                _estack = (ORIGIN (RAM) + LENGTH (RAM))
                0x00000200                _Min_Heap_Size = 0x200
                0x00000400                _Min_Stack_Size = 0x400

.isr_vector     0x08000000      0x1ac
                0x08000000                . = ALIGN (0x4)
 *(.isr_vector)
 .isr_vector    0x08000000      0x1ac CMakeFiles/Test.elf.dir/Core/Startup/startup_stm32l496vetx.s.obj
                0x08000000                g_pfnVectors
                0x080001ac                . = ALIGN (0x4)

.text           0x080001c0     0x9b30
                0x080001c0                . = ALIGN (0x4)
 *(.text)
 .text          0x080001c0       0x40 c:/progra~2/gnuarm~1/102021~1.10/bin/../lib/gcc/arm-none-eabi/10.3.1/thumb/v7e-m/nofp/crtbegin.o
 .text          0x08000200       0x30 c:/progra~2/gnuarm~1/102021~1.10/bin/../lib/gcc/arm-none-eabi/10.3.1/thumb/v7e-m/nofp\libgcc.a(_aeabi_uldivmod.o)
                0x08000200                __aeabi_uldivmod
 .text          0x08000230      0x2d0 c:/progra~2/gnuarm~1/102021~1.10/bin/../lib/gcc/arm-none-eabi/10.3.1/thumb/v7e-m/nofp\libgcc.a(_udivmoddi4.o)
                0x08000230                __udivmoddi4
 .text          0x08000500        0x4 c:/progra~2/gnuarm~1/102021~1.10/bin/../lib/gcc/arm-none-eabi/10.3.1/thumb/v7e-m/nofp\libgcc.a(_dvmd_tls.o)
                0x08000500                __aeabi_idiv0
                0x08000500                __aeabi_ldiv0
 *fill*         0x08000504       0x3c 
 .text          0x08000540       0xdc c:/progra~2/gnuarm~1/102021~1.10/bin/../lib/gcc/arm-none-eabi/10.3.1/../../../../arm-none-eabi/lib/thumb/v7e-m/nofp\libg.a(lib_a-strlen.o)
                0x08000540                strlen
 *fill*         0x0800061c        0x4 
 .text          0x08000620       0xa0 c:/progra~2/gnuarm~1/102021~1.10/bin/../lib/gcc/arm-none-eabi/10.3.1/../../../../arm-none-eabi/lib/thumb/v7e-m/nofp\libg.a(lib_a-memchr.o)
                0x08000620                memchr
 .text          0x080006c0      0x134 c:/progra~2/gnuarm~1/102021~1.10/bin/../lib/gcc/arm-none-eabi/10.3.1/../../../../arm-none-eabi/lib/thumb/v7e-m/nofp\libg.a(lib_a-memcpy.o)
                0x080006c0                memcpy
 .text          0x080007f4      0x378 c:/progra~2/gnuarm~1/102021~1.10/bin/../lib/gcc/arm-none-eabi/10.3.1/thumb/v7e-m/nofp\libgcc.a(_arm_addsubdf3.o)
                0x080007f4                __aeabi_drsub
                0x080007fc                __aeabi_dsub
                0x080007fc                __subdf3
                0x08000800                __aeabi_dadd
                0x08000800                __adddf3
                0x08000a78                __floatunsidf
                0x08000a78                __aeabi_ui2d
                0x08000a98                __floatsidf
                0x08000a98                __aeabi_i2d
                0x08000abc                __aeabi_f2d
                0x08000abc                __extendsfdf2
                0x08000b00                __floatundidf
                0x08000b00                __aeabi_ul2d
                0x08000b10                __floatdidf
                0x08000b10                __aeabi_l2d
 .text          0x08000b6c      0x424 c:/progra~2/gnuarm~1/102021~1.10/bin/../lib/gcc/arm-none-eabi/10.3.1/thumb/v7e-m/nofp\libgcc.a(_arm_muldivdf3.o)
                0x08000b6c                __aeabi_dmul
                0x08000b6c                __muldf3
                0x08000dc0                __divdf3
                0x08000dc0                __aeabi_ddiv
 .text          0x08000f90      0x110 c:/progra~2/gnuarm~1/102021~1.10/bin/../lib/gcc/arm-none-eabi/10.3.1/thumb/v7e-m/nofp\libgcc.a(_arm_cmpdf2.o)
                0x08000f90                __gtdf2
                0x08000f90                __gedf2
                0x08000f98                __ltdf2
                0x08000f98                __ledf2
                0x08000fa0                __nedf2
                0x08000fa0                __eqdf2
                0x08000fa0                __cmpdf2
                0x0800101c                __aeabi_cdrcmple
                0x0800102c                __aeabi_cdcmpeq
                0x0800102c                __aeabi_cdcmple
                0x0800103c                __aeabi_dcmpeq
                0x08001050                __aeabi_dcmplt
                0x08001064                __aeabi_dcmple
                0x08001078                __aeabi_dcmpge
                0x0800108c                __aeabi_dcmpgt
 .text          0x080010a0       0x2c c:/progra~2/gnuarm~1/102021~1.10/bin/../lib/gcc/arm-none-eabi/10.3.1/thumb/v7e-m/nofp\libgcc.a(_arm_unorddf2.o)
                0x080010a0                __unorddf2
                0x080010a0                __aeabi_dcmpun
 .text          0x080010cc       0x50 c:/progra~2/gnuarm~1/102021~1.10/bin/../lib/gcc/arm-none-eabi/10.3.1/thumb/v7e-m/nofp\libgcc.a(_arm_fixdfsi.o)
                0x080010cc                __aeabi_d2iz
                0x080010cc                __fixdfsi
 *(.text*)
 .text.BEEP_Init
                0x0800111c       0x48 CMakeFiles/Test.elf.dir/Core/Src/beep.c.obj
                0x0800111c                BEEP_Init
 .text.MX_GPIO_Init
                0x08001164       0xcc CMakeFiles/Test.elf.dir/Core/Src/gpio.c.obj
                0x08001164                MX_GPIO_Init
 .text.KEY_Init
                0x08001230       0x6c CMakeFiles/Test.elf.dir/Core/Src/key.c.obj
                0x08001230                KEY_Init
 .text.LED_Init
                0x0800129c       0x48 CMakeFiles/Test.elf.dir/Core/Src/led.c.obj
                0x0800129c                LED_Init
 .text.HAL_UART_RxCpltCallback
                0x080012e4       0xa8 CMakeFiles/Test.elf.dir/Core/Src/main.c.obj
                0x080012e4                HAL_UART_RxCpltCallback
 .text.Error_Handler
                0x0800138c        0x4 CMakeFiles/Test.elf.dir/Core/Src/main.c.obj
                0x0800138c                Error_Handler
 .text.SystemClock_Config
                0x08001390       0x66 CMakeFiles/Test.elf.dir/Core/Src/main.c.obj
                0x08001390                SystemClock_Config
 *fill*         0x080013f6        0x2 
 .text.main     0x080013f8       0xbc CMakeFiles/Test.elf.dir/Core/Src/main.c.obj
                0x080013f8                main
 .text.RetargetInit
                0x080014b4       0x20 CMakeFiles/Test.elf.dir/Core/Src/retarget.c.obj
                0x080014b4                RetargetInit
 .text._isatty  0x080014d4       0x16 CMakeFiles/Test.elf.dir/Core/Src/retarget.c.obj
                0x080014d4                _isatty
 *fill*         0x080014ea        0x2 
 .text._write   0x080014ec       0x34 CMakeFiles/Test.elf.dir/Core/Src/retarget.c.obj
                0x080014ec                _write
 .text._close   0x08001520       0x18 CMakeFiles/Test.elf.dir/Core/Src/retarget.c.obj
                0x08001520                _close
 .text._lseek   0x08001538       0x10 CMakeFiles/Test.elf.dir/Core/Src/retarget.c.obj
                0x08001538                _lseek
 .text._read    0x08001548       0x30 CMakeFiles/Test.elf.dir/Core/Src/retarget.c.obj
                0x08001548                _read
 .text._fstat   0x08001578       0x1a CMakeFiles/Test.elf.dir/Core/Src/retarget.c.obj
                0x08001578                _fstat
 *fill*         0x08001592        0x2 
 .text.HAL_MspInit
                0x08001594       0x3c CMakeFiles/Test.elf.dir/Core/Src/stm32l4xx_hal_msp.c.obj
                0x08001594                HAL_MspInit
 .text.NMI_Handler
                0x080015d0        0x2 CMakeFiles/Test.elf.dir/Core/Src/stm32l4xx_it.c.obj
                0x080015d0                NMI_Handler
 .text.HardFault_Handler
                0x080015d2        0x2 CMakeFiles/Test.elf.dir/Core/Src/stm32l4xx_it.c.obj
                0x080015d2                HardFault_Handler
 .text.MemManage_Handler
                0x080015d4        0x2 CMakeFiles/Test.elf.dir/Core/Src/stm32l4xx_it.c.obj
                0x080015d4                MemManage_Handler
 .text.BusFault_Handler
                0x080015d6        0x2 CMakeFiles/Test.elf.dir/Core/Src/stm32l4xx_it.c.obj
                0x080015d6                BusFault_Handler
 .text.UsageFault_Handler
                0x080015d8        0x2 CMakeFiles/Test.elf.dir/Core/Src/stm32l4xx_it.c.obj
                0x080015d8                UsageFault_Handler
 .text.SVC_Handler
                0x080015da        0x2 CMakeFiles/Test.elf.dir/Core/Src/stm32l4xx_it.c.obj
                0x080015da                SVC_Handler
 .text.DebugMon_Handler
                0x080015dc        0x2 CMakeFiles/Test.elf.dir/Core/Src/stm32l4xx_it.c.obj
                0x080015dc                DebugMon_Handler
 .text.PendSV_Handler
                0x080015de        0x2 CMakeFiles/Test.elf.dir/Core/Src/stm32l4xx_it.c.obj
                0x080015de                PendSV_Handler
 .text.SysTick_Handler
                0x080015e0        0x8 CMakeFiles/Test.elf.dir/Core/Src/stm32l4xx_it.c.obj
                0x080015e0                SysTick_Handler
 .text.USART1_IRQHandler
                0x080015e8       0x10 CMakeFiles/Test.elf.dir/Core/Src/stm32l4xx_it.c.obj
                0x080015e8                USART1_IRQHandler
 .text._getpid  0x080015f8        0x4 CMakeFiles/Test.elf.dir/Core/Src/syscalls.c.obj
                0x080015f8                _getpid
 .text._kill    0x080015fc       0x10 CMakeFiles/Test.elf.dir/Core/Src/syscalls.c.obj
                0x080015fc                _kill
 .text._exit    0x0800160c        0xc CMakeFiles/Test.elf.dir/Core/Src/syscalls.c.obj
                0x0800160c                _exit
 .text._sbrk    0x08001618       0x48 CMakeFiles/Test.elf.dir/Core/Src/sysmem.c.obj
                0x08001618                _sbrk
 .text.SystemInit
                0x08001660        0x2 CMakeFiles/Test.elf.dir/Core/Src/system_stm32l4xx.c.obj
                0x08001660                SystemInit
 *fill*         0x08001662        0x2 
 .text.MX_USART1_UART_Init
                0x08001664       0x38 CMakeFiles/Test.elf.dir/Core/Src/usart.c.obj
                0x08001664                MX_USART1_UART_Init
 .text.HAL_UART_MspInit
                0x0800169c       0x98 CMakeFiles/Test.elf.dir/Core/Src/usart.c.obj
                0x0800169c                HAL_UART_MspInit
 .text.Reset_Handler
                0x08001734       0x50 CMakeFiles/Test.elf.dir/Core/Startup/startup_stm32l496vetx.s.obj
                0x08001734                Reset_Handler
 .text.Default_Handler
                0x08001784        0x2 CMakeFiles/Test.elf.dir/Core/Startup/startup_stm32l496vetx.s.obj
                0x08001784                RTC_Alarm_IRQHandler
                0x08001784                EXTI2_IRQHandler
                0x08001784                TIM8_TRG_COM_IRQHandler
                0x08001784                TIM8_CC_IRQHandler
                0x08001784                TIM1_CC_IRQHandler
                0x08001784                TSC_IRQHandler
                0x08001784                TAMP_STAMP_IRQHandler
                0x08001784                CAN2_RX1_IRQHandler
                0x08001784                EXTI3_IRQHandler
                0x08001784                LPTIM2_IRQHandler
                0x08001784                DFSDM1_FLT1_IRQHandler
                0x08001784                I2C3_ER_IRQHandler
                0x08001784                DFSDM1_FLT2_IRQHandler
                0x08001784                EXTI0_IRQHandler
                0x08001784                I2C2_EV_IRQHandler
                0x08001784                CAN1_RX0_IRQHandler
                0x08001784                FPU_IRQHandler
                0x08001784                TIM1_UP_TIM16_IRQHandler
                0x08001784                CAN2_SCE_IRQHandler
                0x08001784                ADC1_2_IRQHandler
                0x08001784                SPI1_IRQHandler
                0x08001784                TIM6_DAC_IRQHandler
                0x08001784                DCMI_IRQHandler
                0x08001784                CAN2_RX0_IRQHandler
                0x08001784                TIM8_UP_IRQHandler
                0x08001784                DMA2_Channel2_IRQHandler
                0x08001784                DMA1_Channel4_IRQHandler
                0x08001784                SAI2_IRQHandler
                0x08001784                DFSDM1_FLT3_IRQHandler
                0x08001784                USART3_IRQHandler
                0x08001784                DMA1_Channel7_IRQHandler
                0x08001784                CAN1_RX1_IRQHandler
                0x08001784                LCD_IRQHandler
                0x08001784                UART5_IRQHandler
                0x08001784                ADC3_IRQHandler
                0x08001784                TIM4_IRQHandler
                0x08001784                DMA2_Channel1_IRQHandler
                0x08001784                QUADSPI_IRQHandler
                0x08001784                I2C1_EV_IRQHandler
                0x08001784                DMA1_Channel6_IRQHandler
                0x08001784                UART4_IRQHandler
                0x08001784                DMA2_Channel4_IRQHandler
                0x08001784                TIM3_IRQHandler
                0x08001784                RCC_IRQHandler
                0x08001784                DMA1_Channel1_IRQHandler
                0x08001784                Default_Handler
                0x08001784                DMA2_Channel7_IRQHandler
                0x08001784                EXTI15_10_IRQHandler
                0x08001784                TIM7_IRQHandler
                0x08001784                SDMMC1_IRQHandler
                0x08001784                CAN2_TX_IRQHandler
                0x08001784                TIM5_IRQHandler
                0x08001784                I2C3_EV_IRQHandler
                0x08001784                EXTI9_5_IRQHandler
                0x08001784                RTC_WKUP_IRQHandler
                0x08001784                PVD_PVM_IRQHandler
                0x08001784                SPI2_IRQHandler
                0x08001784                CAN1_TX_IRQHandler
                0x08001784                DMA2_Channel5_IRQHandler
                0x08001784                CRS_IRQHandler
                0x08001784                DMA1_Channel5_IRQHandler
                0x08001784                EXTI4_IRQHandler
                0x08001784                RNG_IRQHandler
                0x08001784                TIM1_TRG_COM_TIM17_IRQHandler
                0x08001784                DMA1_Channel3_IRQHandler
                0x08001784                COMP_IRQHandler
                0x08001784                WWDG_IRQHandler
                0x08001784                I2C4_EV_IRQHandler
                0x08001784                LPUART1_IRQHandler
                0x08001784                DMA2_Channel6_IRQHandler
                0x08001784                TIM2_IRQHandler
                0x08001784                EXTI1_IRQHandler
                0x08001784                USART2_IRQHandler
                0x08001784                DFSDM1_FLT0_IRQHandler
                0x08001784                I2C2_ER_IRQHandler
                0x08001784                DMA1_Channel2_IRQHandler
                0x08001784                TIM8_BRK_IRQHandler
                0x08001784                CAN1_SCE_IRQHandler
                0x08001784                FLASH_IRQHandler
                0x08001784                OTG_FS_IRQHandler
                0x08001784                SPI3_IRQHandler
                0x08001784                I2C1_ER_IRQHandler
                0x08001784                FMC_IRQHandler
                0x08001784                SWPMI1_IRQHandler
                0x08001784                LPTIM1_IRQHandler
                0x08001784                I2C4_ER_IRQHandler
                0x08001784                SAI1_IRQHandler
                0x08001784                DMA2_Channel3_IRQHandler
                0x08001784                TIM1_BRK_TIM15_IRQHandler
 *fill*         0x08001786        0x2 
 .text.HAL_InitTick
                0x08001788       0x50 CMakeFiles/Test.elf.dir/Drivers/STM32L4xx_HAL_Driver/Src/stm32l4xx_hal.c.obj
                0x08001788                HAL_InitTick
 .text.HAL_Init
                0x080017d8       0x1e CMakeFiles/Test.elf.dir/Drivers/STM32L4xx_HAL_Driver/Src/stm32l4xx_hal.c.obj
                0x080017d8                HAL_Init
 *fill*         0x080017f6        0x2 
 .text.HAL_IncTick
                0x080017f8       0x18 CMakeFiles/Test.elf.dir/Drivers/STM32L4xx_HAL_Driver/Src/stm32l4xx_hal.c.obj
                0x080017f8                HAL_IncTick
 .text.HAL_GetTick
                0x08001810        0xc CMakeFiles/Test.elf.dir/Drivers/STM32L4xx_HAL_Driver/Src/stm32l4xx_hal.c.obj
                0x08001810                HAL_GetTick
 .text.HAL_Delay
                0x0800181c       0x28 CMakeFiles/Test.elf.dir/Drivers/STM32L4xx_HAL_Driver/Src/stm32l4xx_hal.c.obj
                0x0800181c                HAL_Delay
 .text.HAL_NVIC_SetPriorityGrouping
                0x08001844       0x24 CMakeFiles/Test.elf.dir/Drivers/STM32L4xx_HAL_Driver/Src/stm32l4xx_hal_cortex.c.obj
                0x08001844                HAL_NVIC_SetPriorityGrouping
 .text.HAL_NVIC_SetPriority
                0x08001868       0x70 CMakeFiles/Test.elf.dir/Drivers/STM32L4xx_HAL_Driver/Src/stm32l4xx_hal_cortex.c.obj
                0x08001868                HAL_NVIC_SetPriority
 .text.HAL_NVIC_EnableIRQ
                0x080018d8       0x1c CMakeFiles/Test.elf.dir/Drivers/STM32L4xx_HAL_Driver/Src/stm32l4xx_hal_cortex.c.obj
                0x080018d8                HAL_NVIC_EnableIRQ
 .text.HAL_SYSTICK_Config
                0x080018f4       0x28 CMakeFiles/Test.elf.dir/Drivers/STM32L4xx_HAL_Driver/Src/stm32l4xx_hal_cortex.c.obj
                0x080018f4                HAL_SYSTICK_Config
 .text.HAL_DMA_Abort
                0x0800191c       0x4a CMakeFiles/Test.elf.dir/Drivers/STM32L4xx_HAL_Driver/Src/stm32l4xx_hal_dma.c.obj
                0x0800191c                HAL_DMA_Abort
 .text.HAL_DMA_Abort_IT
                0x08001966       0x50 CMakeFiles/Test.elf.dir/Drivers/STM32L4xx_HAL_Driver/Src/stm32l4xx_hal_dma.c.obj
                0x08001966                HAL_DMA_Abort_IT
 *fill*         0x080019b6        0x2 
 .text.HAL_GPIO_Init
                0x080019b8      0x1f4 CMakeFiles/Test.elf.dir/Drivers/STM32L4xx_HAL_Driver/Src/stm32l4xx_hal_gpio.c.obj
                0x080019b8                HAL_GPIO_Init
 .text.HAL_GPIO_WritePin
                0x08001bac        0xa CMakeFiles/Test.elf.dir/Drivers/STM32L4xx_HAL_Driver/Src/stm32l4xx_hal_gpio.c.obj
                0x08001bac                HAL_GPIO_WritePin
 .text.HAL_GPIO_TogglePin
                0x08001bb6       0x12 CMakeFiles/Test.elf.dir/Drivers/STM32L4xx_HAL_Driver/Src/stm32l4xx_hal_gpio.c.obj
                0x08001bb6                HAL_GPIO_TogglePin
 .text.HAL_PWREx_GetVoltageRange
                0x08001bc8       0x10 CMakeFiles/Test.elf.dir/Drivers/STM32L4xx_HAL_Driver/Src/stm32l4xx_hal_pwr_ex.c.obj
                0x08001bc8                HAL_PWREx_GetVoltageRange
 .text.HAL_PWREx_ControlVoltageScaling
                0x08001bd8       0x90 CMakeFiles/Test.elf.dir/Drivers/STM32L4xx_HAL_Driver/Src/stm32l4xx_hal_pwr_ex.c.obj
                0x08001bd8                HAL_PWREx_ControlVoltageScaling
 .text.RCC_SetFlashLatencyFromMSIRange
                0x08001c68       0x90 CMakeFiles/Test.elf.dir/Drivers/STM32L4xx_HAL_Driver/Src/stm32l4xx_hal_rcc.c.obj
 .text.HAL_RCC_GetSysClockFreq
                0x08001cf8       0xb4 CMakeFiles/Test.elf.dir/Drivers/STM32L4xx_HAL_Driver/Src/stm32l4xx_hal_rcc.c.obj
                0x08001cf8                HAL_RCC_GetSysClockFreq
 .text.HAL_RCC_OscConfig
                0x08001dac      0x67c CMakeFiles/Test.elf.dir/Drivers/STM32L4xx_HAL_Driver/Src/stm32l4xx_hal_rcc.c.obj
                0x08001dac                HAL_RCC_OscConfig
 .text.HAL_RCC_ClockConfig
                0x08002428      0x188 CMakeFiles/Test.elf.dir/Drivers/STM32L4xx_HAL_Driver/Src/stm32l4xx_hal_rcc.c.obj
                0x08002428                HAL_RCC_ClockConfig
 .text.HAL_RCC_GetHCLKFreq
                0x080025b0        0xc CMakeFiles/Test.elf.dir/Drivers/STM32L4xx_HAL_Driver/Src/stm32l4xx_hal_rcc.c.obj
                0x080025b0                HAL_RCC_GetHCLKFreq
 .text.HAL_RCC_GetPCLK1Freq
                0x080025bc       0x24 CMakeFiles/Test.elf.dir/Drivers/STM32L4xx_HAL_Driver/Src/stm32l4xx_hal_rcc.c.obj
                0x080025bc                HAL_RCC_GetPCLK1Freq
 .text.HAL_RCC_GetPCLK2Freq
                0x080025e0       0x24 CMakeFiles/Test.elf.dir/Drivers/STM32L4xx_HAL_Driver/Src/stm32l4xx_hal_rcc.c.obj
                0x080025e0                HAL_RCC_GetPCLK2Freq
 .text.RCCEx_PLLSAI1_Config
                0x08002604      0x16c CMakeFiles/Test.elf.dir/Drivers/STM32L4xx_HAL_Driver/Src/stm32l4xx_hal_rcc_ex.c.obj
 .text.RCCEx_PLLSAI2_Config
                0x08002770      0x148 CMakeFiles/Test.elf.dir/Drivers/STM32L4xx_HAL_Driver/Src/stm32l4xx_hal_rcc_ex.c.obj
 .text.HAL_RCCEx_PeriphCLKConfig
                0x080028b8      0x470 CMakeFiles/Test.elf.dir/Drivers/STM32L4xx_HAL_Driver/Src/stm32l4xx_hal_rcc_ex.c.obj
                0x080028b8                HAL_RCCEx_PeriphCLKConfig
 .text.UART_EndRxTransfer
                0x08002d28       0x52 CMakeFiles/Test.elf.dir/Drivers/STM32L4xx_HAL_Driver/Src/stm32l4xx_hal_uart.c.obj
 .text.HAL_UART_TxCpltCallback
                0x08002d7a        0x2 CMakeFiles/Test.elf.dir/Drivers/STM32L4xx_HAL_Driver/Src/stm32l4xx_hal_uart.c.obj
                0x08002d7a                HAL_UART_TxCpltCallback
 .text.UART_EndTransmit_IT
                0x08002d7c       0x22 CMakeFiles/Test.elf.dir/Drivers/STM32L4xx_HAL_Driver/Src/stm32l4xx_hal_uart.c.obj
 .text.HAL_UART_ErrorCallback
                0x08002d9e        0x2 CMakeFiles/Test.elf.dir/Drivers/STM32L4xx_HAL_Driver/Src/stm32l4xx_hal_uart.c.obj
                0x08002d9e                HAL_UART_ErrorCallback
 .text.UART_DMAAbortOnError
                0x08002da0       0x14 CMakeFiles/Test.elf.dir/Drivers/STM32L4xx_HAL_Driver/Src/stm32l4xx_hal_uart.c.obj
 .text.HAL_UARTEx_RxEventCallback
                0x08002db4        0x2 CMakeFiles/Test.elf.dir/Drivers/STM32L4xx_HAL_Driver/Src/stm32l4xx_hal_uart.c.obj
                0x08002db4                HAL_UARTEx_RxEventCallback
 *fill*         0x08002db6        0x2 
 .text.HAL_UART_IRQHandler
                0x08002db8      0x2f0 CMakeFiles/Test.elf.dir/Drivers/STM32L4xx_HAL_Driver/Src/stm32l4xx_hal_uart.c.obj
                0x08002db8                HAL_UART_IRQHandler
 .text.UART_RxISR_8BIT
                0x080030a8       0xdc CMakeFiles/Test.elf.dir/Drivers/STM32L4xx_HAL_Driver/Src/stm32l4xx_hal_uart.c.obj
 .text.UART_RxISR_16BIT
                0x08003184       0xdc CMakeFiles/Test.elf.dir/Drivers/STM32L4xx_HAL_Driver/Src/stm32l4xx_hal_uart.c.obj
 .text.HAL_UART_GetState
                0x08003260        0xa CMakeFiles/Test.elf.dir/Drivers/STM32L4xx_HAL_Driver/Src/stm32l4xx_hal_uart.c.obj
                0x08003260                HAL_UART_GetState
 *fill*         0x0800326a        0x2 
 .text.UART_SetConfig
                0x0800326c      0x328 CMakeFiles/Test.elf.dir/Drivers/STM32L4xx_HAL_Driver/Src/stm32l4xx_hal_uart.c.obj
                0x0800326c                UART_SetConfig
 .text.UART_AdvFeatureConfig
                0x08003594       0xca CMakeFiles/Test.elf.dir/Drivers/STM32L4xx_HAL_Driver/Src/stm32l4xx_hal_uart.c.obj
                0x08003594                UART_AdvFeatureConfig
 .text.UART_WaitOnFlagUntilTimeout
                0x0800365e       0x9a CMakeFiles/Test.elf.dir/Drivers/STM32L4xx_HAL_Driver/Src/stm32l4xx_hal_uart.c.obj
                0x0800365e                UART_WaitOnFlagUntilTimeout
 .text.HAL_UART_Transmit
                0x080036f8       0xc8 CMakeFiles/Test.elf.dir/Drivers/STM32L4xx_HAL_Driver/Src/stm32l4xx_hal_uart.c.obj
                0x080036f8                HAL_UART_Transmit
 .text.HAL_UART_Receive
                0x080037c0      0x118 CMakeFiles/Test.elf.dir/Drivers/STM32L4xx_HAL_Driver/Src/stm32l4xx_hal_uart.c.obj
                0x080037c0                HAL_UART_Receive
 .text.UART_CheckIdleState
                0x080038d8       0xc6 CMakeFiles/Test.elf.dir/Drivers/STM32L4xx_HAL_Driver/Src/stm32l4xx_hal_uart.c.obj
                0x080038d8                UART_CheckIdleState
 .text.HAL_UART_Init
                0x0800399e       0x62 CMakeFiles/Test.elf.dir/Drivers/STM32L4xx_HAL_Driver/Src/stm32l4xx_hal_uart.c.obj
                0x0800399e                HAL_UART_Init
 .text.UART_Start_Receive_IT
                0x08003a00       0xd4 CMakeFiles/Test.elf.dir/Drivers/STM32L4xx_HAL_Driver/Src/stm32l4xx_hal_uart.c.obj
                0x08003a00                UART_Start_Receive_IT
 .text.HAL_UART_Receive_IT
                0x08003ad4       0x4c CMakeFiles/Test.elf.dir/Drivers/STM32L4xx_HAL_Driver/Src/stm32l4xx_hal_uart.c.obj
                0x08003ad4                HAL_UART_Receive_IT
 .text.HAL_UARTEx_WakeupCallback
                0x08003b20        0x2 CMakeFiles/Test.elf.dir/Drivers/STM32L4xx_HAL_Driver/Src/stm32l4xx_hal_uart_ex.c.obj
                0x08003b20                HAL_UARTEx_WakeupCallback
 *fill*         0x08003b22        0x2 
 .text.__errno  0x08003b24        0xc c:/progra~2/gnuarm~1/102021~1.10/bin/../lib/gcc/arm-none-eabi/10.3.1/../../../../arm-none-eabi/lib/thumb/v7e-m/nofp\libg.a(lib_a-errno.o)
                0x08003b24                __errno
 .text.__libc_init_array
                0x08003b30       0x48 c:/progra~2/gnuarm~1/102021~1.10/bin/../lib/gcc/arm-none-eabi/10.3.1/../../../../arm-none-eabi/lib/thumb/v7e-m/nofp\libg.a(lib_a-init.o)
                0x08003b30                __libc_init_array
 .text.memset   0x08003b78       0xa4 c:/progra~2/gnuarm~1/102021~1.10/bin/../lib/gcc/arm-none-eabi/10.3.1/../../../../arm-none-eabi/lib/thumb/v7e-m/nofp\libg.a(lib_a-memset.o)
                0x08003b78                memset
 .text.printf   0x08003c1c       0x28 c:/progra~2/gnuarm~1/102021~1.10/bin/../lib/gcc/arm-none-eabi/10.3.1/../../../../arm-none-eabi/lib/thumb/v7e-m/nofp\libg.a(lib_a-printf.o)
                0x08003c1c                printf
 .text._puts_r  0x08003c44       0x9c c:/progra~2/gnuarm~1/102021~1.10/bin/../lib/gcc/arm-none-eabi/10.3.1/../../../../arm-none-eabi/lib/thumb/v7e-m/nofp\libg.a(lib_a-puts.o)
                0x08003c44                _puts_r
 .text.puts     0x08003ce0       0x10 c:/progra~2/gnuarm~1/102021~1.10/bin/../lib/gcc/arm-none-eabi/10.3.1/../../../../arm-none-eabi/lib/thumb/v7e-m/nofp\libg.a(lib_a-puts.o)
                0x08003ce0                puts
 .text.setvbuf  0x08003cf0      0x1b0 c:/progra~2/gnuarm~1/102021~1.10/bin/../lib/gcc/arm-none-eabi/10.3.1/../../../../arm-none-eabi/lib/thumb/v7e-m/nofp\libg.a(lib_a-setvbuf.o)
                0x08003cf0                setvbuf
 .text._vfprintf_r
                0x08003ea0     0x1ad4 c:/progra~2/gnuarm~1/102021~1.10/bin/../lib/gcc/arm-none-eabi/10.3.1/../../../../arm-none-eabi/lib/thumb/v7e-m/nofp\libg.a(lib_a-vfprintf.o)
                0x08003ea0                _vfprintf_r
 .text.__sbprintf
                0x08005974       0x80 c:/progra~2/gnuarm~1/102021~1.10/bin/../lib/gcc/arm-none-eabi/10.3.1/../../../../arm-none-eabi/lib/thumb/v7e-m/nofp\libg.a(lib_a-vfprintf.o)
 .text.__swsetup_r
                0x080059f4       0xd4 c:/progra~2/gnuarm~1/102021~1.10/bin/../lib/gcc/arm-none-eabi/10.3.1/../../../../arm-none-eabi/lib/thumb/v7e-m/nofp\libg.a(lib_a-wsetup.o)
                0x080059f4                __swsetup_r
 .text.startup.register_fini
                0x08005ac8       0x14 c:/progra~2/gnuarm~1/102021~1.10/bin/../lib/gcc/arm-none-eabi/10.3.1/../../../../arm-none-eabi/lib/thumb/v7e-m/nofp\libg.a(lib_a-__call_atexit.o)
 .text.atexit   0x08005adc        0xc c:/progra~2/gnuarm~1/102021~1.10/bin/../lib/gcc/arm-none-eabi/10.3.1/../../../../arm-none-eabi/lib/thumb/v7e-m/nofp\libg.a(lib_a-atexit.o)
                0x08005adc                atexit
 .text.quorem   0x08005ae8      0x124 c:/progra~2/gnuarm~1/102021~1.10/bin/../lib/gcc/arm-none-eabi/10.3.1/../../../../arm-none-eabi/lib/thumb/v7e-m/nofp\libg.a(lib_a-dtoa.o)
 *fill*         0x08005c0c        0x4 
 .text._dtoa_r  0x08005c10      0xec4 c:/progra~2/gnuarm~1/102021~1.10/bin/../lib/gcc/arm-none-eabi/10.3.1/../../../../arm-none-eabi/lib/thumb/v7e-m/nofp\libg.a(lib_a-dtoa.o)
                0x08005c10                _dtoa_r
 .text.__sflush_r
                0x08006ad4      0x120 c:/progra~2/gnuarm~1/102021~1.10/bin/../lib/gcc/arm-none-eabi/10.3.1/../../../../arm-none-eabi/lib/thumb/v7e-m/nofp\libg.a(lib_a-fflush.o)
                0x08006ad4                __sflush_r
 .text._fflush_r
                0x08006bf4       0x5c c:/progra~2/gnuarm~1/102021~1.10/bin/../lib/gcc/arm-none-eabi/10.3.1/../../../../arm-none-eabi/lib/thumb/v7e-m/nofp\libg.a(lib_a-fflush.o)
                0x08006bf4                _fflush_r
 .text._cleanup_r
                0x08006c50        0xc c:/progra~2/gnuarm~1/102021~1.10/bin/../lib/gcc/arm-none-eabi/10.3.1/../../../../arm-none-eabi/lib/thumb/v7e-m/nofp\libg.a(lib_a-findfp.o)
                0x08006c50                _cleanup_r
 .text.__sinit  0x08006c5c      0x10c c:/progra~2/gnuarm~1/102021~1.10/bin/../lib/gcc/arm-none-eabi/10.3.1/../../../../arm-none-eabi/lib/thumb/v7e-m/nofp\libg.a(lib_a-findfp.o)
                0x08006c5c                __sinit
 .text.__sfp_lock_acquire
                0x08006d68        0xc c:/progra~2/gnuarm~1/102021~1.10/bin/../lib/gcc/arm-none-eabi/10.3.1/../../../../arm-none-eabi/lib/thumb/v7e-m/nofp\libg.a(lib_a-findfp.o)
                0x08006d68                __sfp_lock_acquire
 .text.__sfp_lock_release
                0x08006d74        0xc c:/progra~2/gnuarm~1/102021~1.10/bin/../lib/gcc/arm-none-eabi/10.3.1/../../../../arm-none-eabi/lib/thumb/v7e-m/nofp\libg.a(lib_a-findfp.o)
                0x08006d74                __sfp_lock_release
 .text.__libc_fini_array
                0x08006d80       0x2c c:/progra~2/gnuarm~1/102021~1.10/bin/../lib/gcc/arm-none-eabi/10.3.1/../../../../arm-none-eabi/lib/thumb/v7e-m/nofp\libg.a(lib_a-fini.o)
                0x08006d80                __libc_fini_array
 .text._malloc_trim_r
                0x08006dac       0xa0 c:/progra~2/gnuarm~1/102021~1.10/bin/../lib/gcc/arm-none-eabi/10.3.1/../../../../arm-none-eabi/lib/thumb/v7e-m/nofp\libg.a(lib_a-freer.o)
                0x08006dac                _malloc_trim_r
 .text._free_r  0x08006e4c      0x20c c:/progra~2/gnuarm~1/102021~1.10/bin/../lib/gcc/arm-none-eabi/10.3.1/../../../../arm-none-eabi/lib/thumb/v7e-m/nofp\libg.a(lib_a-freer.o)
                0x08006e4c                _free_r
 .text.__sfvwrite_r
                0x08007058      0x2e8 c:/progra~2/gnuarm~1/102021~1.10/bin/../lib/gcc/arm-none-eabi/10.3.1/../../../../arm-none-eabi/lib/thumb/v7e-m/nofp\libg.a(lib_a-fvwrite.o)
                0x08007058                __sfvwrite_r
 .text._fwalk_reent
                0x08007340       0x48 c:/progra~2/gnuarm~1/102021~1.10/bin/../lib/gcc/arm-none-eabi/10.3.1/../../../../arm-none-eabi/lib/thumb/v7e-m/nofp\libg.a(lib_a-fwalk.o)
                0x08007340                _fwalk_reent
 .text._localeconv_r
                0x08007388        0x8 c:/progra~2/gnuarm~1/102021~1.10/bin/../lib/gcc/arm-none-eabi/10.3.1/../../../../arm-none-eabi/lib/thumb/v7e-m/nofp\libg.a(lib_a-localeconv.o)
                0x08007388                _localeconv_r
 .text.__retarget_lock_init_recursive
                0x08007390        0x4 c:/progra~2/gnuarm~1/102021~1.10/bin/../lib/gcc/arm-none-eabi/10.3.1/../../../../arm-none-eabi/lib/thumb/v7e-m/nofp\libg.a(lib_a-lock.o)
                0x08007390                __retarget_lock_init_recursive
 .text.__retarget_lock_close_recursive
                0x08007394        0x4 c:/progra~2/gnuarm~1/102021~1.10/bin/../lib/gcc/arm-none-eabi/10.3.1/../../../../arm-none-eabi/lib/thumb/v7e-m/nofp\libg.a(lib_a-lock.o)
                0x08007394                __retarget_lock_close_recursive
 .text.__retarget_lock_acquire_recursive
                0x08007398        0x4 c:/progra~2/gnuarm~1/102021~1.10/bin/../lib/gcc/arm-none-eabi/10.3.1/../../../../arm-none-eabi/lib/thumb/v7e-m/nofp\libg.a(lib_a-lock.o)
                0x08007398                __retarget_lock_acquire_recursive
 .text.__retarget_lock_release_recursive
                0x0800739c        0x4 c:/progra~2/gnuarm~1/102021~1.10/bin/../lib/gcc/arm-none-eabi/10.3.1/../../../../arm-none-eabi/lib/thumb/v7e-m/nofp\libg.a(lib_a-lock.o)
                0x0800739c                __retarget_lock_release_recursive
 .text.__smakebuf_r
                0x080073a0       0xe0 c:/progra~2/gnuarm~1/102021~1.10/bin/../lib/gcc/arm-none-eabi/10.3.1/../../../../arm-none-eabi/lib/thumb/v7e-m/nofp\libg.a(lib_a-makebuf.o)
                0x080073a0                __smakebuf_r
 .text.__swhatbuf_r
                0x08007480       0x60 c:/progra~2/gnuarm~1/102021~1.10/bin/../lib/gcc/arm-none-eabi/10.3.1/../../../../arm-none-eabi/lib/thumb/v7e-m/nofp\libg.a(lib_a-makebuf.o)
                0x08007480                __swhatbuf_r
 .text.malloc   0x080074e0       0x10 c:/progra~2/gnuarm~1/102021~1.10/bin/../lib/gcc/arm-none-eabi/10.3.1/../../../../arm-none-eabi/lib/thumb/v7e-m/nofp\libg.a(lib_a-malloc.o)
                0x080074e0                malloc
 .text._malloc_r
                0x080074f0      0x560 c:/progra~2/gnuarm~1/102021~1.10/bin/../lib/gcc/arm-none-eabi/10.3.1/../../../../arm-none-eabi/lib/thumb/v7e-m/nofp\libg.a(lib_a-mallocr.o)
                0x080074f0                _malloc_r
 .text.memmove  0x08007a50       0xf8 c:/progra~2/gnuarm~1/102021~1.10/bin/../lib/gcc/arm-none-eabi/10.3.1/../../../../arm-none-eabi/lib/thumb/v7e-m/nofp\libg.a(lib_a-memmove.o)
                0x08007a50                memmove
 .text.__malloc_lock
                0x08007b48        0xc c:/progra~2/gnuarm~1/102021~1.10/bin/../lib/gcc/arm-none-eabi/10.3.1/../../../../arm-none-eabi/lib/thumb/v7e-m/nofp\libg.a(lib_a-mlock.o)
                0x08007b48                __malloc_lock
 .text.__malloc_unlock
                0x08007b54        0xc c:/progra~2/gnuarm~1/102021~1.10/bin/../lib/gcc/arm-none-eabi/10.3.1/../../../../arm-none-eabi/lib/thumb/v7e-m/nofp\libg.a(lib_a-mlock.o)
                0x08007b54                __malloc_unlock
 .text._Balloc  0x08007b60       0x4c c:/progra~2/gnuarm~1/102021~1.10/bin/../lib/gcc/arm-none-eabi/10.3.1/../../../../arm-none-eabi/lib/thumb/v7e-m/nofp\libg.a(lib_a-mprec.o)
                0x08007b60                _Balloc
 .text._Bfree   0x08007bac       0x14 c:/progra~2/gnuarm~1/102021~1.10/bin/../lib/gcc/arm-none-eabi/10.3.1/../../../../arm-none-eabi/lib/thumb/v7e-m/nofp\libg.a(lib_a-mprec.o)
                0x08007bac                _Bfree
 .text.__multadd
                0x08007bc0       0xa0 c:/progra~2/gnuarm~1/102021~1.10/bin/../lib/gcc/arm-none-eabi/10.3.1/../../../../arm-none-eabi/lib/thumb/v7e-m/nofp\libg.a(lib_a-mprec.o)
                0x08007bc0                __multadd
 .text.__hi0bits
                0x08007c60       0x40 c:/progra~2/gnuarm~1/102021~1.10/bin/../lib/gcc/arm-none-eabi/10.3.1/../../../../arm-none-eabi/lib/thumb/v7e-m/nofp\libg.a(lib_a-mprec.o)
                0x08007c60                __hi0bits
 .text.__lo0bits
                0x08007ca0       0x5c c:/progra~2/gnuarm~1/102021~1.10/bin/../lib/gcc/arm-none-eabi/10.3.1/../../../../arm-none-eabi/lib/thumb/v7e-m/nofp\libg.a(lib_a-mprec.o)
                0x08007ca0                __lo0bits
 .text.__i2b    0x08007cfc       0x5c c:/progra~2/gnuarm~1/102021~1.10/bin/../lib/gcc/arm-none-eabi/10.3.1/../../../../arm-none-eabi/lib/thumb/v7e-m/nofp\libg.a(lib_a-mprec.o)
                0x08007cfc                __i2b
 .text.__multiply
                0x08007d58      0x15c c:/progra~2/gnuarm~1/102021~1.10/bin/../lib/gcc/arm-none-eabi/10.3.1/../../../../arm-none-eabi/lib/thumb/v7e-m/nofp\libg.a(lib_a-mprec.o)
                0x08007d58                __multiply
 .text.__pow5mult
                0x08007eb4       0xc0 c:/progra~2/gnuarm~1/102021~1.10/bin/../lib/gcc/arm-none-eabi/10.3.1/../../../../arm-none-eabi/lib/thumb/v7e-m/nofp\libg.a(lib_a-mprec.o)
                0x08007eb4                __pow5mult
 .text.__lshift
                0x08007f74       0xf0 c:/progra~2/gnuarm~1/102021~1.10/bin/../lib/gcc/arm-none-eabi/10.3.1/../../../../arm-none-eabi/lib/thumb/v7e-m/nofp\libg.a(lib_a-mprec.o)
                0x08007f74                __lshift
 .text.__mcmp   0x08008064       0x40 c:/progra~2/gnuarm~1/102021~1.10/bin/../lib/gcc/arm-none-eabi/10.3.1/../../../../arm-none-eabi/lib/thumb/v7e-m/nofp\libg.a(lib_a-mprec.o)
                0x08008064                __mcmp
 .text.__mdiff  0x080080a4      0x14c c:/progra~2/gnuarm~1/102021~1.10/bin/../lib/gcc/arm-none-eabi/10.3.1/../../../../arm-none-eabi/lib/thumb/v7e-m/nofp\libg.a(lib_a-mprec.o)
                0x080080a4                __mdiff
 .text.__d2b    0x080081f0       0xc4 c:/progra~2/gnuarm~1/102021~1.10/bin/../lib/gcc/arm-none-eabi/10.3.1/../../../../arm-none-eabi/lib/thumb/v7e-m/nofp\libg.a(lib_a-mprec.o)
                0x080081f0                __d2b
 .text._realloc_r
                0x080082b4      0x3d8 c:/progra~2/gnuarm~1/102021~1.10/bin/../lib/gcc/arm-none-eabi/10.3.1/../../../../arm-none-eabi/lib/thumb/v7e-m/nofp\libg.a(lib_a-reallocr.o)
                0x080082b4                _realloc_r
 .text.frexp    0x0800868c       0x70 c:/progra~2/gnuarm~1/102021~1.10/bin/../lib/gcc/arm-none-eabi/10.3.1/../../../../arm-none-eabi/lib/thumb/v7e-m/nofp\libg.a(lib_a-s_frexp.o)
                0x0800868c                frexp
 .text._sbrk_r  0x080086fc       0x24 c:/progra~2/gnuarm~1/102021~1.10/bin/../lib/gcc/arm-none-eabi/10.3.1/../../../../arm-none-eabi/lib/thumb/v7e-m/nofp\libg.a(lib_a-sbrkr.o)
                0x080086fc                _sbrk_r
 .text.__sread  0x08008720       0x24 c:/progra~2/gnuarm~1/102021~1.10/bin/../lib/gcc/arm-none-eabi/10.3.1/../../../../arm-none-eabi/lib/thumb/v7e-m/nofp\libg.a(lib_a-stdio.o)
                0x08008720                __sread
 .text.__swrite
                0x08008744       0x40 c:/progra~2/gnuarm~1/102021~1.10/bin/../lib/gcc/arm-none-eabi/10.3.1/../../../../arm-none-eabi/lib/thumb/v7e-m/nofp\libg.a(lib_a-stdio.o)
                0x08008744                __swrite
 .text.__sseek  0x08008784       0x20 c:/progra~2/gnuarm~1/102021~1.10/bin/../lib/gcc/arm-none-eabi/10.3.1/../../../../arm-none-eabi/lib/thumb/v7e-m/nofp\libg.a(lib_a-stdio.o)
                0x08008784                __sseek
 .text.__sclose
                0x080087a4        0x8 c:/progra~2/gnuarm~1/102021~1.10/bin/../lib/gcc/arm-none-eabi/10.3.1/../../../../arm-none-eabi/lib/thumb/v7e-m/nofp\libg.a(lib_a-stdio.o)
                0x080087a4                __sclose
 .text.strncpy  0x080087ac       0x64 c:/progra~2/gnuarm~1/102021~1.10/bin/../lib/gcc/arm-none-eabi/10.3.1/../../../../arm-none-eabi/lib/thumb/v7e-m/nofp\libg.a(lib_a-strncpy.o)
                0x080087ac                strncpy
 .text.__sprint_r.part.0
                0x08008810       0x78 c:/progra~2/gnuarm~1/102021~1.10/bin/../lib/gcc/arm-none-eabi/10.3.1/../../../../arm-none-eabi/lib/thumb/v7e-m/nofp\libg.a(lib_a-vfiprintf.o)
 .text.__sprint_r
                0x08008888       0x14 c:/progra~2/gnuarm~1/102021~1.10/bin/../lib/gcc/arm-none-eabi/10.3.1/../../../../arm-none-eabi/lib/thumb/v7e-m/nofp\libg.a(lib_a-vfiprintf.o)
                0x08008888                __sprint_r
 .text._vfiprintf_r
                0x0800889c      0xda0 c:/progra~2/gnuarm~1/102021~1.10/bin/../lib/gcc/arm-none-eabi/10.3.1/../../../../arm-none-eabi/lib/thumb/v7e-m/nofp\libg.a(lib_a-vfiprintf.o)
                0x0800889c                _vfiprintf_r
 .text.__sbprintf
                0x0800963c       0x80 c:/progra~2/gnuarm~1/102021~1.10/bin/../lib/gcc/arm-none-eabi/10.3.1/../../../../arm-none-eabi/lib/thumb/v7e-m/nofp\libg.a(lib_a-vfiprintf.o)
 .text._write_r
                0x080096bc       0x2c c:/progra~2/gnuarm~1/102021~1.10/bin/../lib/gcc/arm-none-eabi/10.3.1/../../../../arm-none-eabi/lib/thumb/v7e-m/nofp\libg.a(lib_a-writer.o)
                0x080096bc                _write_r
 .text.__register_exitproc
                0x080096e8       0x8c c:/progra~2/gnuarm~1/102021~1.10/bin/../lib/gcc/arm-none-eabi/10.3.1/../../../../arm-none-eabi/lib/thumb/v7e-m/nofp\libg.a(lib_a-__atexit.o)
                0x080096e8                __register_exitproc
 .text.__assert_func
                0x08009774       0x40 c:/progra~2/gnuarm~1/102021~1.10/bin/../lib/gcc/arm-none-eabi/10.3.1/../../../../arm-none-eabi/lib/thumb/v7e-m/nofp\libg.a(lib_a-assert.o)
                0x08009774                __assert_func
 .text._calloc_r
                0x080097b4       0x78 c:/progra~2/gnuarm~1/102021~1.10/bin/../lib/gcc/arm-none-eabi/10.3.1/../../../../arm-none-eabi/lib/thumb/v7e-m/nofp\libg.a(lib_a-callocr.o)
                0x080097b4                _calloc_r
 .text._close_r
                0x0800982c       0x24 c:/progra~2/gnuarm~1/102021~1.10/bin/../lib/gcc/arm-none-eabi/10.3.1/../../../../arm-none-eabi/lib/thumb/v7e-m/nofp\libg.a(lib_a-closer.o)
                0x0800982c                _close_r
 .text._fclose_r
                0x08009850       0xcc c:/progra~2/gnuarm~1/102021~1.10/bin/../lib/gcc/arm-none-eabi/10.3.1/../../../../arm-none-eabi/lib/thumb/v7e-m/nofp\libg.a(lib_a-fclose.o)
                0x08009850                _fclose_r
 .text.fiprintf
                0x0800991c       0x28 c:/progra~2/gnuarm~1/102021~1.10/bin/../lib/gcc/arm-none-eabi/10.3.1/../../../../arm-none-eabi/lib/thumb/v7e-m/nofp\libg.a(lib_a-fiprintf.o)
                0x0800991c                fiprintf
 .text.__fputwc
                0x08009944       0xa8 c:/progra~2/gnuarm~1/102021~1.10/bin/../lib/gcc/arm-none-eabi/10.3.1/../../../../arm-none-eabi/lib/thumb/v7e-m/nofp\libg.a(lib_a-fputwc.o)
                0x08009944                __fputwc
 .text._fputwc_r
                0x080099ec       0x68 c:/progra~2/gnuarm~1/102021~1.10/bin/../lib/gcc/arm-none-eabi/10.3.1/../../../../arm-none-eabi/lib/thumb/v7e-m/nofp\libg.a(lib_a-fputwc.o)
                0x080099ec                _fputwc_r
 .text._fstat_r
                0x08009a54       0x2c c:/progra~2/gnuarm~1/102021~1.10/bin/../lib/gcc/arm-none-eabi/10.3.1/../../../../arm-none-eabi/lib/thumb/v7e-m/nofp\libg.a(lib_a-fstatr.o)
                0x08009a54                _fstat_r
 .text._isatty_r
                0x08009a80       0x24 c:/progra~2/gnuarm~1/102021~1.10/bin/../lib/gcc/arm-none-eabi/10.3.1/../../../../arm-none-eabi/lib/thumb/v7e-m/nofp\libg.a(lib_a-isattyr.o)
                0x08009a80                _isatty_r
 .text.__locale_mb_cur_max
                0x08009aa4        0xc c:/progra~2/gnuarm~1/102021~1.10/bin/../lib/gcc/arm-none-eabi/10.3.1/../../../../arm-none-eabi/lib/thumb/v7e-m/nofp\libg.a(lib_a-locale.o)
                0x08009aa4                __locale_mb_cur_max
 .text._lseek_r
                0x08009ab0       0x2c c:/progra~2/gnuarm~1/102021~1.10/bin/../lib/gcc/arm-none-eabi/10.3.1/../../../../arm-none-eabi/lib/thumb/v7e-m/nofp\libg.a(lib_a-lseekr.o)
                0x08009ab0                _lseek_r
 .text.__ascii_mbtowc
                0x08009adc       0x2c c:/progra~2/gnuarm~1/102021~1.10/bin/../lib/gcc/arm-none-eabi/10.3.1/../../../../arm-none-eabi/lib/thumb/v7e-m/nofp\libg.a(lib_a-mbtowc_r.o)
                0x08009adc                __ascii_mbtowc
 .text._read_r  0x08009b08       0x2c c:/progra~2/gnuarm~1/102021~1.10/bin/../lib/gcc/arm-none-eabi/10.3.1/../../../../arm-none-eabi/lib/thumb/v7e-m/nofp\libg.a(lib_a-readr.o)
                0x08009b08                _read_r
 .text.__swbuf_r
                0x08009b34       0xb0 c:/progra~2/gnuarm~1/102021~1.10/bin/../lib/gcc/arm-none-eabi/10.3.1/../../../../arm-none-eabi/lib/thumb/v7e-m/nofp\libg.a(lib_a-wbuf.o)
                0x08009b34                __swbuf_r
 .text._wcrtomb_r
                0x08009be4       0x3c c:/progra~2/gnuarm~1/102021~1.10/bin/../lib/gcc/arm-none-eabi/10.3.1/../../../../arm-none-eabi/lib/thumb/v7e-m/nofp\libg.a(lib_a-wcrtomb.o)
                0x08009be4                _wcrtomb_r
 .text.__ascii_wctomb
                0x08009c20       0x1c c:/progra~2/gnuarm~1/102021~1.10/bin/../lib/gcc/arm-none-eabi/10.3.1/../../../../arm-none-eabi/lib/thumb/v7e-m/nofp\libg.a(lib_a-wctomb_r.o)
                0x08009c20                __ascii_wctomb
 .text.abort    0x08009c3c       0x10 c:/progra~2/gnuarm~1/102021~1.10/bin/../lib/gcc/arm-none-eabi/10.3.1/../../../../arm-none-eabi/lib/thumb/v7e-m/nofp\libg.a(lib_a-abort.o)
                0x08009c3c                abort
 .text.raise    0x08009c4c       0x5c c:/progra~2/gnuarm~1/102021~1.10/bin/../lib/gcc/arm-none-eabi/10.3.1/../../../../arm-none-eabi/lib/thumb/v7e-m/nofp\libg.a(lib_a-signal.o)
                0x08009c4c                raise
 .text._kill_r  0x08009ca8       0x2c c:/progra~2/gnuarm~1/102021~1.10/bin/../lib/gcc/arm-none-eabi/10.3.1/../../../../arm-none-eabi/lib/thumb/v7e-m/nofp\libg.a(lib_a-signalr.o)
                0x08009ca8                _kill_r
 .text._getpid_r
                0x08009cd4        0x4 c:/progra~2/gnuarm~1/102021~1.10/bin/../lib/gcc/arm-none-eabi/10.3.1/../../../../arm-none-eabi/lib/thumb/v7e-m/nofp\libg.a(lib_a-signalr.o)
                0x08009cd4                _getpid_r
 *(.glue_7)
 .glue_7        0x08009cd8        0x0 linker stubs
 *(.glue_7t)
 .glue_7t       0x08009cd8        0x0 linker stubs
 *(.eh_frame)
 .eh_frame      0x08009cd8        0x0 c:/progra~2/gnuarm~1/102021~1.10/bin/../lib/gcc/arm-none-eabi/10.3.1/thumb/v7e-m/nofp/crtbegin.o
 *(.init)
 .init          0x08009cd8        0x4 c:/progra~2/gnuarm~1/102021~1.10/bin/../lib/gcc/arm-none-eabi/10.3.1/thumb/v7e-m/nofp/crti.o
                0x08009cd8                _init
 .init          0x08009cdc        0x8 c:/progra~2/gnuarm~1/102021~1.10/bin/../lib/gcc/arm-none-eabi/10.3.1/thumb/v7e-m/nofp/crtn.o
 *(.fini)
 .fini          0x08009ce4        0x4 c:/progra~2/gnuarm~1/102021~1.10/bin/../lib/gcc/arm-none-eabi/10.3.1/thumb/v7e-m/nofp/crti.o
                0x08009ce4                _fini
 .fini          0x08009ce8        0x8 c:/progra~2/gnuarm~1/102021~1.10/bin/../lib/gcc/arm-none-eabi/10.3.1/thumb/v7e-m/nofp/crtn.o
                0x08009cf0                . = ALIGN (0x4)
                0x08009cf0                _etext = .

.vfp11_veneer   0x08009cf0        0x0
 .vfp11_veneer  0x08009cf0        0x0 linker stubs

.v4_bx          0x08009cf0        0x0
 .v4_bx         0x08009cf0        0x0 linker stubs

.iplt           0x08009cf0        0x0
 .iplt          0x08009cf0        0x0 c:/progra~2/gnuarm~1/102021~1.10/bin/../lib/gcc/arm-none-eabi/10.3.1/thumb/v7e-m/nofp/crtbegin.o

.rodata         0x08009cf0      0x498
                0x08009cf0                . = ALIGN (0x4)
 *(.rodata)
 *(.rodata*)
 .rodata.HAL_UART_RxCpltCallback.str1.4
                0x08009cf0       0x1d CMakeFiles/Test.elf.dir/Core/Src/main.c.obj
                                 0x22 (size before relaxing)
 *fill*         0x08009d0d        0x3 
 .rodata.main.str1.4
                0x08009d10       0x2e CMakeFiles/Test.elf.dir/Core/Src/main.c.obj
 *fill*         0x08009d3e        0x2 
 .rodata.AHBPrescTable
                0x08009d40       0x10 CMakeFiles/Test.elf.dir/Core/Src/system_stm32l4xx.c.obj
                0x08009d40                AHBPrescTable
 .rodata.APBPrescTable
                0x08009d50        0x8 CMakeFiles/Test.elf.dir/Core/Src/system_stm32l4xx.c.obj
                0x08009d50                APBPrescTable
 .rodata.MSIRangeTable
                0x08009d58       0x30 CMakeFiles/Test.elf.dir/Core/Src/system_stm32l4xx.c.obj
                0x08009d58                MSIRangeTable
 .rodata._global_impure_ptr
                0x08009d88        0x4 c:/progra~2/gnuarm~1/102021~1.10/bin/../lib/gcc/arm-none-eabi/10.3.1/../../../../arm-none-eabi/lib/thumb/v7e-m/nofp\libg.a(lib_a-impure.o)
                0x08009d88                _global_impure_ptr
 .rodata._puts_r.str1.4
                0x08009d8c        0x2 c:/progra~2/gnuarm~1/102021~1.10/bin/../lib/gcc/arm-none-eabi/10.3.1/../../../../arm-none-eabi/lib/thumb/v7e-m/nofp\libg.a(lib_a-puts.o)
 *fill*         0x08009d8e        0x2 
 .rodata._vfprintf_r.str1.4
                0x08009d90       0x42 c:/progra~2/gnuarm~1/102021~1.10/bin/../lib/gcc/arm-none-eabi/10.3.1/../../../../arm-none-eabi/lib/thumb/v7e-m/nofp\libg.a(lib_a-vfprintf.o)
 *fill*         0x08009dd2        0x2 
 .rodata.blanks.1
                0x08009dd4       0x10 c:/progra~2/gnuarm~1/102021~1.10/bin/../lib/gcc/arm-none-eabi/10.3.1/../../../../arm-none-eabi/lib/thumb/v7e-m/nofp\libg.a(lib_a-vfprintf.o)
 .rodata.zeroes.0
                0x08009de4       0x10 c:/progra~2/gnuarm~1/102021~1.10/bin/../lib/gcc/arm-none-eabi/10.3.1/../../../../arm-none-eabi/lib/thumb/v7e-m/nofp\libg.a(lib_a-vfprintf.o)
 .rodata._dtoa_r.str1.4
                0x08009df4       0xa2 c:/progra~2/gnuarm~1/102021~1.10/bin/../lib/gcc/arm-none-eabi/10.3.1/../../../../arm-none-eabi/lib/thumb/v7e-m/nofp\libg.a(lib_a-dtoa.o)
                                 0xa6 (size before relaxing)
 *fill*         0x08009e96        0x2 
 .rodata.__multadd.str1.4
                0x08009e98       0x7f c:/progra~2/gnuarm~1/102021~1.10/bin/../lib/gcc/arm-none-eabi/10.3.1/../../../../arm-none-eabi/lib/thumb/v7e-m/nofp\libg.a(lib_a-mprec.o)
                                 0x93 (size before relaxing)
 *fill*         0x08009f17        0x1 
 .rodata.__mprec_bigtens
                0x08009f18       0x28 c:/progra~2/gnuarm~1/102021~1.10/bin/../lib/gcc/arm-none-eabi/10.3.1/../../../../arm-none-eabi/lib/thumb/v7e-m/nofp\libg.a(lib_a-mprec.o)
                0x08009f18                __mprec_bigtens
 .rodata.__mprec_tens
                0x08009f40       0xc8 c:/progra~2/gnuarm~1/102021~1.10/bin/../lib/gcc/arm-none-eabi/10.3.1/../../../../arm-none-eabi/lib/thumb/v7e-m/nofp\libg.a(lib_a-mprec.o)
                0x08009f40                __mprec_tens
 .rodata.p05.0  0x0800a008        0xc c:/progra~2/gnuarm~1/102021~1.10/bin/../lib/gcc/arm-none-eabi/10.3.1/../../../../arm-none-eabi/lib/thumb/v7e-m/nofp\libg.a(lib_a-mprec.o)
 .rodata._vfiprintf_r.str1.4
                0x0800a014       0x2f c:/progra~2/gnuarm~1/102021~1.10/bin/../lib/gcc/arm-none-eabi/10.3.1/../../../../arm-none-eabi/lib/thumb/v7e-m/nofp\libg.a(lib_a-vfiprintf.o)
 .rodata.blanks.1
                0x0800a014       0x10 c:/progra~2/gnuarm~1/102021~1.10/bin/../lib/gcc/arm-none-eabi/10.3.1/../../../../arm-none-eabi/lib/thumb/v7e-m/nofp\libg.a(lib_a-vfiprintf.o)
 .rodata.zeroes.0
                0x0800a024       0x10 c:/progra~2/gnuarm~1/102021~1.10/bin/../lib/gcc/arm-none-eabi/10.3.1/../../../../arm-none-eabi/lib/thumb/v7e-m/nofp\libg.a(lib_a-vfiprintf.o)
 .rodata.__assert_func.str1.4
                0x0800a034       0x3f c:/progra~2/gnuarm~1/102021~1.10/bin/../lib/gcc/arm-none-eabi/10.3.1/../../../../arm-none-eabi/lib/thumb/v7e-m/nofp\libg.a(lib_a-assert.o)
                                 0x43 (size before relaxing)
 *fill*         0x0800a073        0x1 
 .rodata._setlocale_r.str1.4
                0x0800a074        0xa c:/progra~2/gnuarm~1/102021~1.10/bin/../lib/gcc/arm-none-eabi/10.3.1/../../../../arm-none-eabi/lib/thumb/v7e-m/nofp\libg.a(lib_a-locale.o)
                                  0xd (size before relaxing)
 *fill*         0x0800a07e        0x2 
 .rodata.str1.4
                0x0800a080        0x2 c:/progra~2/gnuarm~1/102021~1.10/bin/../lib/gcc/arm-none-eabi/10.3.1/../../../../arm-none-eabi/lib/thumb/v7e-m/nofp\libg.a(lib_a-locale.o)
 *fill*         0x0800a082        0x2 
 .rodata._ctype_
                0x0800a084      0x101 c:/progra~2/gnuarm~1/102021~1.10/bin/../lib/gcc/arm-none-eabi/10.3.1/../../../../arm-none-eabi/lib/thumb/v7e-m/nofp\libg.a(lib_a-ctype_.o)
                0x0800a084                _ctype_
                0x0800a188                . = ALIGN (0x4)
 *fill*         0x0800a185        0x3 

.ARM.extab      0x0800a188        0x0
                0x0800a188                . = ALIGN (0x4)
 *(.ARM.extab* .gnu.linkonce.armextab.*)
                0x0800a188                . = ALIGN (0x4)

.ARM            0x0800a188        0x8
                0x0800a188                . = ALIGN (0x4)
                0x0800a188                __exidx_start = .
 *(.ARM.exidx*)
 .ARM.exidx     0x0800a188        0x8 c:/progra~2/gnuarm~1/102021~1.10/bin/../lib/gcc/arm-none-eabi/10.3.1/thumb/v7e-m/nofp\libgcc.a(_udivmoddi4.o)
                0x0800a190                __exidx_end = .
                0x0800a190                . = ALIGN (0x4)

.rel.dyn        0x0800a190        0x0
 .rel.iplt      0x0800a190        0x0 c:/progra~2/gnuarm~1/102021~1.10/bin/../lib/gcc/arm-none-eabi/10.3.1/thumb/v7e-m/nofp/crtbegin.o

.preinit_array  0x0800a190        0x0
                0x0800a190                . = ALIGN (0x4)
                0x0800a190                PROVIDE (__preinit_array_start = .)
 *(.preinit_array*)
                0x0800a190                PROVIDE (__preinit_array_end = .)
                0x0800a190                . = ALIGN (0x4)

.init_array     0x0800a190        0x8
                0x0800a190                . = ALIGN (0x4)
                0x0800a190                PROVIDE (__init_array_start = .)
 *(SORT_BY_NAME(.init_array.*))
 .init_array.00000
                0x0800a190        0x4 c:/progra~2/gnuarm~1/102021~1.10/bin/../lib/gcc/arm-none-eabi/10.3.1/../../../../arm-none-eabi/lib/thumb/v7e-m/nofp\libg.a(lib_a-__call_atexit.o)
 *(.init_array*)
 .init_array    0x0800a194        0x4 c:/progra~2/gnuarm~1/102021~1.10/bin/../lib/gcc/arm-none-eabi/10.3.1/thumb/v7e-m/nofp/crtbegin.o
                0x0800a198                PROVIDE (__init_array_end = .)
                0x0800a198                . = ALIGN (0x4)

.fini_array     0x0800a198        0x4
                0x0800a198                . = ALIGN (0x4)
                0x0800a198                PROVIDE (__fini_array_start = .)
 *(SORT_BY_NAME(.fini_array.*))
 *(.fini_array*)
 .fini_array    0x0800a198        0x4 c:/progra~2/gnuarm~1/102021~1.10/bin/../lib/gcc/arm-none-eabi/10.3.1/thumb/v7e-m/nofp/crtbegin.o
                0x0800a19c                PROVIDE (__fini_array_end = .)
                0x0800a19c                . = ALIGN (0x4)
                0x0800a19c                _sidata = LOADADDR (.data)

.data           0x20000000      0x9b8 load address 0x0800a19c
                0x20000000                . = ALIGN (0x4)
                0x20000000                _sdata = .
 *(.data)
 *(.data*)
 .data.SystemCoreClock
                0x20000000        0x4 CMakeFiles/Test.elf.dir/Core/Src/system_stm32l4xx.c.obj
                0x20000000                SystemCoreClock
 .data.uwTickFreq
                0x20000004        0x1 CMakeFiles/Test.elf.dir/Drivers/STM32L4xx_HAL_Driver/Src/stm32l4xx_hal.c.obj
                0x20000004                uwTickFreq
 *fill*         0x20000005        0x3 
 .data.uwTickPrio
                0x20000008        0x4 CMakeFiles/Test.elf.dir/Drivers/STM32L4xx_HAL_Driver/Src/stm32l4xx_hal.c.obj
                0x20000008                uwTickPrio
 .data._impure_ptr
                0x2000000c        0x4 c:/progra~2/gnuarm~1/102021~1.10/bin/../lib/gcc/arm-none-eabi/10.3.1/../../../../arm-none-eabi/lib/thumb/v7e-m/nofp\libg.a(lib_a-impure.o)
                0x2000000c                _impure_ptr
 .data.impure_data
                0x20000010      0x428 c:/progra~2/gnuarm~1/102021~1.10/bin/../lib/gcc/arm-none-eabi/10.3.1/../../../../arm-none-eabi/lib/thumb/v7e-m/nofp\libg.a(lib_a-impure.o)
 .data.__atexit_recursive_mutex
                0x20000438        0x4 c:/progra~2/gnuarm~1/102021~1.10/bin/../lib/gcc/arm-none-eabi/10.3.1/../../../../arm-none-eabi/lib/thumb/v7e-m/nofp\libg.a(lib_a-__call_atexit.o)
                0x20000438                __atexit_recursive_mutex
 .data.__malloc_av_
                0x2000043c      0x408 c:/progra~2/gnuarm~1/102021~1.10/bin/../lib/gcc/arm-none-eabi/10.3.1/../../../../arm-none-eabi/lib/thumb/v7e-m/nofp\libg.a(lib_a-mallocr.o)
                0x2000043c                __malloc_av_
 .data.__malloc_sbrk_base
                0x20000844        0x4 c:/progra~2/gnuarm~1/102021~1.10/bin/../lib/gcc/arm-none-eabi/10.3.1/../../../../arm-none-eabi/lib/thumb/v7e-m/nofp\libg.a(lib_a-mallocr.o)
                0x20000844                __malloc_sbrk_base
 .data.__malloc_trim_threshold
                0x20000848        0x4 c:/progra~2/gnuarm~1/102021~1.10/bin/../lib/gcc/arm-none-eabi/10.3.1/../../../../arm-none-eabi/lib/thumb/v7e-m/nofp\libg.a(lib_a-mallocr.o)
                0x20000848                __malloc_trim_threshold
 .data.__global_locale
                0x2000084c      0x16c c:/progra~2/gnuarm~1/102021~1.10/bin/../lib/gcc/arm-none-eabi/10.3.1/../../../../arm-none-eabi/lib/thumb/v7e-m/nofp\libg.a(lib_a-locale.o)
                0x2000084c                __global_locale
 *(.RamFunc)
 *(.RamFunc*)
                0x200009b8                . = ALIGN (0x4)
                0x200009b8                _edata = .

.igot.plt       0x200009b8        0x0 load address 0x0800ab54
 .igot.plt      0x200009b8        0x0 c:/progra~2/gnuarm~1/102021~1.10/bin/../lib/gcc/arm-none-eabi/10.3.1/thumb/v7e-m/nofp/crtbegin.o
                0x200009b8                . = ALIGN (0x4)

.bss            0x200009b8      0x1fc load address 0x0800ab54
                0x200009b8                _sbss = .
                0x200009b8                __bss_start__ = _sbss
 *(.bss)
 .bss           0x200009b8       0x1c c:/progra~2/gnuarm~1/102021~1.10/bin/../lib/gcc/arm-none-eabi/10.3.1/thumb/v7e-m/nofp/crtbegin.o
 *(.bss*)
 .bss.RxBuffer  0x200009d4      0x100 CMakeFiles/Test.elf.dir/Core/Src/main.c.obj
                0x200009d4                RxBuffer
 .bss.Uart1_Rx_Cnt
                0x20000ad4        0x1 CMakeFiles/Test.elf.dir/Core/Src/main.c.obj
                0x20000ad4                Uart1_Rx_Cnt
 .bss.aRxBuffer
                0x20000ad5        0x1 CMakeFiles/Test.elf.dir/Core/Src/main.c.obj
                0x20000ad5                aRxBuffer
 *fill*         0x20000ad6        0x2 
 .bss.gHuart    0x20000ad8        0x4 CMakeFiles/Test.elf.dir/Core/Src/retarget.c.obj
                0x20000ad8                gHuart
 .bss.__sbrk_heap_end
                0x20000adc        0x4 CMakeFiles/Test.elf.dir/Core/Src/sysmem.c.obj
 .bss.huart1    0x20000ae0       0x88 CMakeFiles/Test.elf.dir/Core/Src/usart.c.obj
                0x20000ae0                huart1
 .bss.uwTick    0x20000b68        0x4 CMakeFiles/Test.elf.dir/Drivers/STM32L4xx_HAL_Driver/Src/stm32l4xx_hal.c.obj
                0x20000b68                uwTick
 .bss.__lock___atexit_recursive_mutex
                0x20000b6c        0x1 c:/progra~2/gnuarm~1/102021~1.10/bin/../lib/gcc/arm-none-eabi/10.3.1/../../../../arm-none-eabi/lib/thumb/v7e-m/nofp\libg.a(lib_a-lock.o)
                0x20000b6c                __lock___atexit_recursive_mutex
 *fill*         0x20000b6d        0x3 
 .bss.__lock___malloc_recursive_mutex
                0x20000b70        0x1 c:/progra~2/gnuarm~1/102021~1.10/bin/../lib/gcc/arm-none-eabi/10.3.1/../../../../arm-none-eabi/lib/thumb/v7e-m/nofp\libg.a(lib_a-lock.o)
                0x20000b70                __lock___malloc_recursive_mutex
 *fill*         0x20000b71        0x3 
 .bss.__lock___sfp_recursive_mutex
                0x20000b74        0x1 c:/progra~2/gnuarm~1/102021~1.10/bin/../lib/gcc/arm-none-eabi/10.3.1/../../../../arm-none-eabi/lib/thumb/v7e-m/nofp\libg.a(lib_a-lock.o)
                0x20000b74                __lock___sfp_recursive_mutex
 *fill*         0x20000b75        0x3 
 .bss.__lock___sinit_recursive_mutex
                0x20000b78        0x1 c:/progra~2/gnuarm~1/102021~1.10/bin/../lib/gcc/arm-none-eabi/10.3.1/../../../../arm-none-eabi/lib/thumb/v7e-m/nofp\libg.a(lib_a-lock.o)
                0x20000b78                __lock___sinit_recursive_mutex
 *fill*         0x20000b79        0x3 
 .bss.__malloc_current_mallinfo
                0x20000b7c       0x28 c:/progra~2/gnuarm~1/102021~1.10/bin/../lib/gcc/arm-none-eabi/10.3.1/../../../../arm-none-eabi/lib/thumb/v7e-m/nofp\libg.a(lib_a-mallocr.o)
                0x20000b7c                __malloc_current_mallinfo
 .bss.__malloc_max_sbrked_mem
                0x20000ba4        0x4 c:/progra~2/gnuarm~1/102021~1.10/bin/../lib/gcc/arm-none-eabi/10.3.1/../../../../arm-none-eabi/lib/thumb/v7e-m/nofp\libg.a(lib_a-mallocr.o)
                0x20000ba4                __malloc_max_sbrked_mem
 .bss.__malloc_max_total_mem
                0x20000ba8        0x4 c:/progra~2/gnuarm~1/102021~1.10/bin/../lib/gcc/arm-none-eabi/10.3.1/../../../../arm-none-eabi/lib/thumb/v7e-m/nofp\libg.a(lib_a-mallocr.o)
                0x20000ba8                __malloc_max_total_mem
 .bss.__malloc_top_pad
                0x20000bac        0x4 c:/progra~2/gnuarm~1/102021~1.10/bin/../lib/gcc/arm-none-eabi/10.3.1/../../../../arm-none-eabi/lib/thumb/v7e-m/nofp\libg.a(lib_a-mallocr.o)
                0x20000bac                __malloc_top_pad
 .bss.errno     0x20000bb0        0x4 c:/progra~2/gnuarm~1/102021~1.10/bin/../lib/gcc/arm-none-eabi/10.3.1/../../../../arm-none-eabi/lib/thumb/v7e-m/nofp\libg.a(lib_a-reent.o)
                0x20000bb0                errno
 *(COMMON)
                0x20000bb4                . = ALIGN (0x4)
                0x20000bb4                _ebss = .
                0x20000bb4                __bss_end__ = _ebss

._user_heap_stack
                0x20000bb4      0x604 load address 0x0800ab54
                0x20000bb8                . = ALIGN (0x8)
 *fill*         0x20000bb4        0x4 
                [!provide]                PROVIDE (end = .)
                0x20000bb8                PROVIDE (_end = .)
                0x20000db8                . = (. + _Min_Heap_Size)
 *fill*         0x20000bb8      0x200 
                0x200011b8                . = (. + _Min_Stack_Size)
 *fill*         0x20000db8      0x400 
                0x200011b8                . = ALIGN (0x8)

/DISCARD/
 libc.a(*)
 libm.a(*)
 libgcc.a(*)

.ARM.attributes
                0x00000000       0x2a
 *(.ARM.attributes)
 .ARM.attributes
                0x00000000       0x1e c:/progra~2/gnuarm~1/102021~1.10/bin/../lib/gcc/arm-none-eabi/10.3.1/thumb/v7e-m/nofp/crti.o
 .ARM.attributes
                0x0000001e       0x2e c:/progra~2/gnuarm~1/102021~1.10/bin/../lib/gcc/arm-none-eabi/10.3.1/thumb/v7e-m/nofp/crtbegin.o
 .ARM.attributes
                0x0000004c       0x2e CMakeFiles/Test.elf.dir/Core/Src/beep.c.obj
 .ARM.attributes
                0x0000007a       0x2e CMakeFiles/Test.elf.dir/Core/Src/gpio.c.obj
 .ARM.attributes
                0x000000a8       0x2e CMakeFiles/Test.elf.dir/Core/Src/key.c.obj
 .ARM.attributes
                0x000000d6       0x2e CMakeFiles/Test.elf.dir/Core/Src/led.c.obj
 .ARM.attributes
                0x00000104       0x2e CMakeFiles/Test.elf.dir/Core/Src/main.c.obj
 .ARM.attributes
                0x00000132       0x2e CMakeFiles/Test.elf.dir/Core/Src/retarget.c.obj
 .ARM.attributes
                0x00000160       0x2e CMakeFiles/Test.elf.dir/Core/Src/stm32l4xx_hal_msp.c.obj
 .ARM.attributes
                0x0000018e       0x2e CMakeFiles/Test.elf.dir/Core/Src/stm32l4xx_it.c.obj
 .ARM.attributes
                0x000001bc       0x2e CMakeFiles/Test.elf.dir/Core/Src/syscalls.c.obj
 .ARM.attributes
                0x000001ea       0x2e CMakeFiles/Test.elf.dir/Core/Src/sysmem.c.obj
 .ARM.attributes
                0x00000218       0x2e CMakeFiles/Test.elf.dir/Core/Src/system_stm32l4xx.c.obj
 .ARM.attributes
                0x00000246       0x2e CMakeFiles/Test.elf.dir/Core/Src/usart.c.obj
 .ARM.attributes
                0x00000274       0x21 CMakeFiles/Test.elf.dir/Core/Startup/startup_stm32l496vetx.s.obj
 .ARM.attributes
                0x00000295       0x2e CMakeFiles/Test.elf.dir/Drivers/STM32L4xx_HAL_Driver/Src/stm32l4xx_hal.c.obj
 .ARM.attributes
                0x000002c3       0x2e CMakeFiles/Test.elf.dir/Drivers/STM32L4xx_HAL_Driver/Src/stm32l4xx_hal_cortex.c.obj
 .ARM.attributes
                0x000002f1       0x2e CMakeFiles/Test.elf.dir/Drivers/STM32L4xx_HAL_Driver/Src/stm32l4xx_hal_dma.c.obj
 .ARM.attributes
                0x0000031f       0x2e CMakeFiles/Test.elf.dir/Drivers/STM32L4xx_HAL_Driver/Src/stm32l4xx_hal_gpio.c.obj
 .ARM.attributes
                0x0000034d       0x2e CMakeFiles/Test.elf.dir/Drivers/STM32L4xx_HAL_Driver/Src/stm32l4xx_hal_pwr_ex.c.obj
 .ARM.attributes
                0x0000037b       0x2e CMakeFiles/Test.elf.dir/Drivers/STM32L4xx_HAL_Driver/Src/stm32l4xx_hal_rcc.c.obj
 .ARM.attributes
                0x000003a9       0x2e CMakeFiles/Test.elf.dir/Drivers/STM32L4xx_HAL_Driver/Src/stm32l4xx_hal_rcc_ex.c.obj
 .ARM.attributes
                0x000003d7       0x2e CMakeFiles/Test.elf.dir/Drivers/STM32L4xx_HAL_Driver/Src/stm32l4xx_hal_uart.c.obj
 .ARM.attributes
                0x00000405       0x2e CMakeFiles/Test.elf.dir/Drivers/STM32L4xx_HAL_Driver/Src/stm32l4xx_hal_uart_ex.c.obj
 .ARM.attributes
                0x00000433       0x1e c:/progra~2/gnuarm~1/102021~1.10/bin/../lib/gcc/arm-none-eabi/10.3.1/thumb/v7e-m/nofp\libgcc.a(_aeabi_uldivmod.o)
 .ARM.attributes
                0x00000451       0x2e c:/progra~2/gnuarm~1/102021~1.10/bin/../lib/gcc/arm-none-eabi/10.3.1/thumb/v7e-m/nofp\libgcc.a(_udivmoddi4.o)
 .ARM.attributes
                0x0000047f       0x1e c:/progra~2/gnuarm~1/102021~1.10/bin/../lib/gcc/arm-none-eabi/10.3.1/thumb/v7e-m/nofp\libgcc.a(_dvmd_tls.o)
 .ARM.attributes
                0x0000049d       0x2e c:/progra~2/gnuarm~1/102021~1.10/bin/../lib/gcc/arm-none-eabi/10.3.1/../../../../arm-none-eabi/lib/thumb/v7e-m/nofp\libg.a(lib_a-errno.o)
 .ARM.attributes
                0x000004cb       0x2e c:/progra~2/gnuarm~1/102021~1.10/bin/../lib/gcc/arm-none-eabi/10.3.1/../../../../arm-none-eabi/lib/thumb/v7e-m/nofp\libg.a(lib_a-impure.o)
 .ARM.attributes
                0x000004f9       0x2e c:/progra~2/gnuarm~1/102021~1.10/bin/../lib/gcc/arm-none-eabi/10.3.1/../../../../arm-none-eabi/lib/thumb/v7e-m/nofp\libg.a(lib_a-init.o)
 .ARM.attributes
                0x00000527       0x2e c:/progra~2/gnuarm~1/102021~1.10/bin/../lib/gcc/arm-none-eabi/10.3.1/../../../../arm-none-eabi/lib/thumb/v7e-m/nofp\libg.a(lib_a-memset.o)
 .ARM.attributes
                0x00000555       0x2e c:/progra~2/gnuarm~1/102021~1.10/bin/../lib/gcc/arm-none-eabi/10.3.1/../../../../arm-none-eabi/lib/thumb/v7e-m/nofp\libg.a(lib_a-printf.o)
 .ARM.attributes
                0x00000583       0x2e c:/progra~2/gnuarm~1/102021~1.10/bin/../lib/gcc/arm-none-eabi/10.3.1/../../../../arm-none-eabi/lib/thumb/v7e-m/nofp\libg.a(lib_a-puts.o)
 .ARM.attributes
                0x000005b1       0x2e c:/progra~2/gnuarm~1/102021~1.10/bin/../lib/gcc/arm-none-eabi/10.3.1/../../../../arm-none-eabi/lib/thumb/v7e-m/nofp\libg.a(lib_a-setvbuf.o)
 .ARM.attributes
                0x000005df       0x1c c:/progra~2/gnuarm~1/102021~1.10/bin/../lib/gcc/arm-none-eabi/10.3.1/../../../../arm-none-eabi/lib/thumb/v7e-m/nofp\libg.a(lib_a-strlen.o)
 .ARM.attributes
                0x000005fb       0x2e c:/progra~2/gnuarm~1/102021~1.10/bin/../lib/gcc/arm-none-eabi/10.3.1/../../../../arm-none-eabi/lib/thumb/v7e-m/nofp\libg.a(lib_a-vfprintf.o)
 .ARM.attributes
                0x00000629       0x2e c:/progra~2/gnuarm~1/102021~1.10/bin/../lib/gcc/arm-none-eabi/10.3.1/../../../../arm-none-eabi/lib/thumb/v7e-m/nofp\libg.a(lib_a-wsetup.o)
 .ARM.attributes
                0x00000657       0x2e c:/progra~2/gnuarm~1/102021~1.10/bin/../lib/gcc/arm-none-eabi/10.3.1/../../../../arm-none-eabi/lib/thumb/v7e-m/nofp\libg.a(lib_a-__call_atexit.o)
 .ARM.attributes
                0x00000685       0x2e c:/progra~2/gnuarm~1/102021~1.10/bin/../lib/gcc/arm-none-eabi/10.3.1/../../../../arm-none-eabi/lib/thumb/v7e-m/nofp\libg.a(lib_a-atexit.o)
 .ARM.attributes
                0x000006b3       0x2e c:/progra~2/gnuarm~1/102021~1.10/bin/../lib/gcc/arm-none-eabi/10.3.1/../../../../arm-none-eabi/lib/thumb/v7e-m/nofp\libg.a(lib_a-dtoa.o)
 .ARM.attributes
                0x000006e1       0x2e c:/progra~2/gnuarm~1/102021~1.10/bin/../lib/gcc/arm-none-eabi/10.3.1/../../../../arm-none-eabi/lib/thumb/v7e-m/nofp\libg.a(lib_a-fflush.o)
 .ARM.attributes
                0x0000070f       0x2e c:/progra~2/gnuarm~1/102021~1.10/bin/../lib/gcc/arm-none-eabi/10.3.1/../../../../arm-none-eabi/lib/thumb/v7e-m/nofp\libg.a(lib_a-findfp.o)
 .ARM.attributes
                0x0000073d       0x2e c:/progra~2/gnuarm~1/102021~1.10/bin/../lib/gcc/arm-none-eabi/10.3.1/../../../../arm-none-eabi/lib/thumb/v7e-m/nofp\libg.a(lib_a-fini.o)
 .ARM.attributes
                0x0000076b       0x2e c:/progra~2/gnuarm~1/102021~1.10/bin/../lib/gcc/arm-none-eabi/10.3.1/../../../../arm-none-eabi/lib/thumb/v7e-m/nofp\libg.a(lib_a-freer.o)
 .ARM.attributes
                0x00000799       0x2e c:/progra~2/gnuarm~1/102021~1.10/bin/../lib/gcc/arm-none-eabi/10.3.1/../../../../arm-none-eabi/lib/thumb/v7e-m/nofp\libg.a(lib_a-fvwrite.o)
 .ARM.attributes
                0x000007c7       0x2e c:/progra~2/gnuarm~1/102021~1.10/bin/../lib/gcc/arm-none-eabi/10.3.1/../../../../arm-none-eabi/lib/thumb/v7e-m/nofp\libg.a(lib_a-fwalk.o)
 .ARM.attributes
                0x000007f5       0x2e c:/progra~2/gnuarm~1/102021~1.10/bin/../lib/gcc/arm-none-eabi/10.3.1/../../../../arm-none-eabi/lib/thumb/v7e-m/nofp\libg.a(lib_a-localeconv.o)
 .ARM.attributes
                0x00000823       0x2e c:/progra~2/gnuarm~1/102021~1.10/bin/../lib/gcc/arm-none-eabi/10.3.1/../../../../arm-none-eabi/lib/thumb/v7e-m/nofp\libg.a(lib_a-lock.o)
 .ARM.attributes
                0x00000851       0x2e c:/progra~2/gnuarm~1/102021~1.10/bin/../lib/gcc/arm-none-eabi/10.3.1/../../../../arm-none-eabi/lib/thumb/v7e-m/nofp\libg.a(lib_a-makebuf.o)
 .ARM.attributes
                0x0000087f       0x2e c:/progra~2/gnuarm~1/102021~1.10/bin/../lib/gcc/arm-none-eabi/10.3.1/../../../../arm-none-eabi/lib/thumb/v7e-m/nofp\libg.a(lib_a-malloc.o)
 .ARM.attributes
                0x000008ad       0x2e c:/progra~2/gnuarm~1/102021~1.10/bin/../lib/gcc/arm-none-eabi/10.3.1/../../../../arm-none-eabi/lib/thumb/v7e-m/nofp\libg.a(lib_a-mallocr.o)
 .ARM.attributes
                0x000008db       0x1c c:/progra~2/gnuarm~1/102021~1.10/bin/../lib/gcc/arm-none-eabi/10.3.1/../../../../arm-none-eabi/lib/thumb/v7e-m/nofp\libg.a(lib_a-memchr.o)
 .ARM.attributes
                0x000008f7       0x1c c:/progra~2/gnuarm~1/102021~1.10/bin/../lib/gcc/arm-none-eabi/10.3.1/../../../../arm-none-eabi/lib/thumb/v7e-m/nofp\libg.a(lib_a-memcpy.o)
 .ARM.attributes
                0x00000913       0x2e c:/progra~2/gnuarm~1/102021~1.10/bin/../lib/gcc/arm-none-eabi/10.3.1/../../../../arm-none-eabi/lib/thumb/v7e-m/nofp\libg.a(lib_a-memmove.o)
 .ARM.attributes
                0x00000941       0x2e c:/progra~2/gnuarm~1/102021~1.10/bin/../lib/gcc/arm-none-eabi/10.3.1/../../../../arm-none-eabi/lib/thumb/v7e-m/nofp\libg.a(lib_a-mlock.o)
 .ARM.attributes
                0x0000096f       0x2e c:/progra~2/gnuarm~1/102021~1.10/bin/../lib/gcc/arm-none-eabi/10.3.1/../../../../arm-none-eabi/lib/thumb/v7e-m/nofp\libg.a(lib_a-mprec.o)
 .ARM.attributes
                0x0000099d       0x2e c:/progra~2/gnuarm~1/102021~1.10/bin/../lib/gcc/arm-none-eabi/10.3.1/../../../../arm-none-eabi/lib/thumb/v7e-m/nofp\libg.a(lib_a-reallocr.o)
 .ARM.attributes
                0x000009cb       0x2e c:/progra~2/gnuarm~1/102021~1.10/bin/../lib/gcc/arm-none-eabi/10.3.1/../../../../arm-none-eabi/lib/thumb/v7e-m/nofp\libg.a(lib_a-s_frexp.o)
 .ARM.attributes
                0x000009f9       0x2e c:/progra~2/gnuarm~1/102021~1.10/bin/../lib/gcc/arm-none-eabi/10.3.1/../../../../arm-none-eabi/lib/thumb/v7e-m/nofp\libg.a(lib_a-sbrkr.o)
 .ARM.attributes
                0x00000a27       0x2e c:/progra~2/gnuarm~1/102021~1.10/bin/../lib/gcc/arm-none-eabi/10.3.1/../../../../arm-none-eabi/lib/thumb/v7e-m/nofp\libg.a(lib_a-stdio.o)
 .ARM.attributes
                0x00000a55       0x2e c:/progra~2/gnuarm~1/102021~1.10/bin/../lib/gcc/arm-none-eabi/10.3.1/../../../../arm-none-eabi/lib/thumb/v7e-m/nofp\libg.a(lib_a-strncpy.o)
 .ARM.attributes
                0x00000a83       0x2e c:/progra~2/gnuarm~1/102021~1.10/bin/../lib/gcc/arm-none-eabi/10.3.1/../../../../arm-none-eabi/lib/thumb/v7e-m/nofp\libg.a(lib_a-vfiprintf.o)
 .ARM.attributes
                0x00000ab1       0x2e c:/progra~2/gnuarm~1/102021~1.10/bin/../lib/gcc/arm-none-eabi/10.3.1/../../../../arm-none-eabi/lib/thumb/v7e-m/nofp\libg.a(lib_a-writer.o)
 .ARM.attributes
                0x00000adf       0x2e c:/progra~2/gnuarm~1/102021~1.10/bin/../lib/gcc/arm-none-eabi/10.3.1/../../../../arm-none-eabi/lib/thumb/v7e-m/nofp\libg.a(lib_a-__atexit.o)
 .ARM.attributes
                0x00000b0d       0x2e c:/progra~2/gnuarm~1/102021~1.10/bin/../lib/gcc/arm-none-eabi/10.3.1/../../../../arm-none-eabi/lib/thumb/v7e-m/nofp\libg.a(lib_a-assert.o)
 .ARM.attributes
                0x00000b3b       0x2e c:/progra~2/gnuarm~1/102021~1.10/bin/../lib/gcc/arm-none-eabi/10.3.1/../../../../arm-none-eabi/lib/thumb/v7e-m/nofp\libg.a(lib_a-callocr.o)
 .ARM.attributes
                0x00000b69       0x2e c:/progra~2/gnuarm~1/102021~1.10/bin/../lib/gcc/arm-none-eabi/10.3.1/../../../../arm-none-eabi/lib/thumb/v7e-m/nofp\libg.a(lib_a-closer.o)
 .ARM.attributes
                0x00000b97       0x2e c:/progra~2/gnuarm~1/102021~1.10/bin/../lib/gcc/arm-none-eabi/10.3.1/../../../../arm-none-eabi/lib/thumb/v7e-m/nofp\libg.a(lib_a-fclose.o)
 .ARM.attributes
                0x00000bc5       0x2e c:/progra~2/gnuarm~1/102021~1.10/bin/../lib/gcc/arm-none-eabi/10.3.1/../../../../arm-none-eabi/lib/thumb/v7e-m/nofp\libg.a(lib_a-fiprintf.o)
 .ARM.attributes
                0x00000bf3       0x2e c:/progra~2/gnuarm~1/102021~1.10/bin/../lib/gcc/arm-none-eabi/10.3.1/../../../../arm-none-eabi/lib/thumb/v7e-m/nofp\libg.a(lib_a-fputwc.o)
 .ARM.attributes
                0x00000c21       0x2e c:/progra~2/gnuarm~1/102021~1.10/bin/../lib/gcc/arm-none-eabi/10.3.1/../../../../arm-none-eabi/lib/thumb/v7e-m/nofp\libg.a(lib_a-fstatr.o)
 .ARM.attributes
                0x00000c4f       0x2e c:/progra~2/gnuarm~1/102021~1.10/bin/../lib/gcc/arm-none-eabi/10.3.1/../../../../arm-none-eabi/lib/thumb/v7e-m/nofp\libg.a(lib_a-isattyr.o)
 .ARM.attributes
                0x00000c7d       0x2e c:/progra~2/gnuarm~1/102021~1.10/bin/../lib/gcc/arm-none-eabi/10.3.1/../../../../arm-none-eabi/lib/thumb/v7e-m/nofp\libg.a(lib_a-locale.o)
 .ARM.attributes
                0x00000cab       0x2e c:/progra~2/gnuarm~1/102021~1.10/bin/../lib/gcc/arm-none-eabi/10.3.1/../../../../arm-none-eabi/lib/thumb/v7e-m/nofp\libg.a(lib_a-lseekr.o)
 .ARM.attributes
                0x00000cd9       0x2e c:/progra~2/gnuarm~1/102021~1.10/bin/../lib/gcc/arm-none-eabi/10.3.1/../../../../arm-none-eabi/lib/thumb/v7e-m/nofp\libg.a(lib_a-mbtowc_r.o)
 .ARM.attributes
                0x00000d07       0x2e c:/progra~2/gnuarm~1/102021~1.10/bin/../lib/gcc/arm-none-eabi/10.3.1/../../../../arm-none-eabi/lib/thumb/v7e-m/nofp\libg.a(lib_a-readr.o)
 .ARM.attributes
                0x00000d35       0x2e c:/progra~2/gnuarm~1/102021~1.10/bin/../lib/gcc/arm-none-eabi/10.3.1/../../../../arm-none-eabi/lib/thumb/v7e-m/nofp\libg.a(lib_a-reent.o)
 .ARM.attributes
                0x00000d63       0x2e c:/progra~2/gnuarm~1/102021~1.10/bin/../lib/gcc/arm-none-eabi/10.3.1/../../../../arm-none-eabi/lib/thumb/v7e-m/nofp\libg.a(lib_a-wbuf.o)
 .ARM.attributes
                0x00000d91       0x2e c:/progra~2/gnuarm~1/102021~1.10/bin/../lib/gcc/arm-none-eabi/10.3.1/../../../../arm-none-eabi/lib/thumb/v7e-m/nofp\libg.a(lib_a-wcrtomb.o)
 .ARM.attributes
                0x00000dbf       0x2e c:/progra~2/gnuarm~1/102021~1.10/bin/../lib/gcc/arm-none-eabi/10.3.1/../../../../arm-none-eabi/lib/thumb/v7e-m/nofp\libg.a(lib_a-wctomb_r.o)
 .ARM.attributes
                0x00000ded       0x2e c:/progra~2/gnuarm~1/102021~1.10/bin/../lib/gcc/arm-none-eabi/10.3.1/../../../../arm-none-eabi/lib/thumb/v7e-m/nofp\libg.a(lib_a-abort.o)
 .ARM.attributes
                0x00000e1b       0x2e c:/progra~2/gnuarm~1/102021~1.10/bin/../lib/gcc/arm-none-eabi/10.3.1/../../../../arm-none-eabi/lib/thumb/v7e-m/nofp\libg.a(lib_a-ctype_.o)
 .ARM.attributes
                0x00000e49       0x2e c:/progra~2/gnuarm~1/102021~1.10/bin/../lib/gcc/arm-none-eabi/10.3.1/../../../../arm-none-eabi/lib/thumb/v7e-m/nofp\libg.a(lib_a-signal.o)
 .ARM.attributes
                0x00000e77       0x2e c:/progra~2/gnuarm~1/102021~1.10/bin/../lib/gcc/arm-none-eabi/10.3.1/../../../../arm-none-eabi/lib/thumb/v7e-m/nofp\libg.a(lib_a-signalr.o)
 .ARM.attributes
                0x00000ea5       0x1e c:/progra~2/gnuarm~1/102021~1.10/bin/../lib/gcc/arm-none-eabi/10.3.1/thumb/v7e-m/nofp\libgcc.a(_arm_addsubdf3.o)
 .ARM.attributes
                0x00000ec3       0x1e c:/progra~2/gnuarm~1/102021~1.10/bin/../lib/gcc/arm-none-eabi/10.3.1/thumb/v7e-m/nofp\libgcc.a(_arm_muldivdf3.o)
 .ARM.attributes
                0x00000ee1       0x1e c:/progra~2/gnuarm~1/102021~1.10/bin/../lib/gcc/arm-none-eabi/10.3.1/thumb/v7e-m/nofp\libgcc.a(_arm_cmpdf2.o)
 .ARM.attributes
                0x00000eff       0x1e c:/progra~2/gnuarm~1/102021~1.10/bin/../lib/gcc/arm-none-eabi/10.3.1/thumb/v7e-m/nofp\libgcc.a(_arm_unorddf2.o)
 .ARM.attributes
                0x00000f1d       0x1e c:/progra~2/gnuarm~1/102021~1.10/bin/../lib/gcc/arm-none-eabi/10.3.1/thumb/v7e-m/nofp\libgcc.a(_arm_fixdfsi.o)
 .ARM.attributes
                0x00000f3b       0x1e c:/progra~2/gnuarm~1/102021~1.10/bin/../lib/gcc/arm-none-eabi/10.3.1/thumb/v7e-m/nofp/crtn.o
OUTPUT(Test.elf elf32-littlearm)
LOAD linker stubs
LOAD c:/progra~2/gnuarm~1/102021~1.10/bin/../lib/gcc/arm-none-eabi/10.3.1/../../../../arm-none-eabi/lib/thumb/v7e-m/nofp\libc.a
LOAD c:/progra~2/gnuarm~1/102021~1.10/bin/../lib/gcc/arm-none-eabi/10.3.1/../../../../arm-none-eabi/lib/thumb/v7e-m/nofp\libm.a
LOAD c:/progra~2/gnuarm~1/102021~1.10/bin/../lib/gcc/arm-none-eabi/10.3.1/thumb/v7e-m/nofp\libgcc.a

.debug_info     0x00000000    0x11fa0
 .debug_info    0x00000000      0x4b2 CMakeFiles/Test.elf.dir/Core/Src/beep.c.obj
 .debug_info    0x000004b2      0x55b CMakeFiles/Test.elf.dir/Core/Src/gpio.c.obj
 .debug_info    0x00000a0d      0x697 CMakeFiles/Test.elf.dir/Core/Src/key.c.obj
 .debug_info    0x000010a4      0x4ad CMakeFiles/Test.elf.dir/Core/Src/led.c.obj
 .debug_info    0x00001551      0xd36 CMakeFiles/Test.elf.dir/Core/Src/main.c.obj
 .debug_info    0x00002287     0x140f CMakeFiles/Test.elf.dir/Core/Src/retarget.c.obj
 .debug_info    0x00003696      0x344 CMakeFiles/Test.elf.dir/Core/Src/stm32l4xx_hal_msp.c.obj
 .debug_info    0x000039da      0x786 CMakeFiles/Test.elf.dir/Core/Src/stm32l4xx_it.c.obj
 .debug_info    0x00004160      0x6ca CMakeFiles/Test.elf.dir/Core/Src/syscalls.c.obj
 .debug_info    0x0000482a      0x174 CMakeFiles/Test.elf.dir/Core/Src/sysmem.c.obj
 .debug_info    0x0000499e      0x441 CMakeFiles/Test.elf.dir/Core/Src/system_stm32l4xx.c.obj
 .debug_info    0x00004ddf     0x10ed CMakeFiles/Test.elf.dir/Core/Src/usart.c.obj
 .debug_info    0x00005ecc       0x22 CMakeFiles/Test.elf.dir/Core/Startup/startup_stm32l496vetx.s.obj
 .debug_info    0x00005eee      0xc26 CMakeFiles/Test.elf.dir/Drivers/STM32L4xx_HAL_Driver/Src/stm32l4xx_hal.c.obj
 .debug_info    0x00006b14     0x10d4 CMakeFiles/Test.elf.dir/Drivers/STM32L4xx_HAL_Driver/Src/stm32l4xx_hal_cortex.c.obj
 .debug_info    0x00007be8      0x871 CMakeFiles/Test.elf.dir/Drivers/STM32L4xx_HAL_Driver/Src/stm32l4xx_hal_dma.c.obj
 .debug_info    0x00008459      0x873 CMakeFiles/Test.elf.dir/Drivers/STM32L4xx_HAL_Driver/Src/stm32l4xx_hal_gpio.c.obj
 .debug_info    0x00008ccc      0xa98 CMakeFiles/Test.elf.dir/Drivers/STM32L4xx_HAL_Driver/Src/stm32l4xx_hal_pwr_ex.c.obj
 .debug_info    0x00009764      0xf8d CMakeFiles/Test.elf.dir/Drivers/STM32L4xx_HAL_Driver/Src/stm32l4xx_hal_rcc.c.obj
 .debug_info    0x0000a6f1     0x157a CMakeFiles/Test.elf.dir/Drivers/STM32L4xx_HAL_Driver/Src/stm32l4xx_hal_rcc_ex.c.obj
 .debug_info    0x0000bc6b     0x52b7 CMakeFiles/Test.elf.dir/Drivers/STM32L4xx_HAL_Driver/Src/stm32l4xx_hal_uart.c.obj
 .debug_info    0x00010f22     0x107e CMakeFiles/Test.elf.dir/Drivers/STM32L4xx_HAL_Driver/Src/stm32l4xx_hal_uart_ex.c.obj

.debug_abbrev   0x00000000     0x2881
 .debug_abbrev  0x00000000      0x14e CMakeFiles/Test.elf.dir/Core/Src/beep.c.obj
 .debug_abbrev  0x0000014e      0x14e CMakeFiles/Test.elf.dir/Core/Src/gpio.c.obj
 .debug_abbrev  0x0000029c      0x173 CMakeFiles/Test.elf.dir/Core/Src/key.c.obj
 .debug_abbrev  0x0000040f      0x14e CMakeFiles/Test.elf.dir/Core/Src/led.c.obj
 .debug_abbrev  0x0000055d      0x277 CMakeFiles/Test.elf.dir/Core/Src/main.c.obj
 .debug_abbrev  0x000007d4      0x2b4 CMakeFiles/Test.elf.dir/Core/Src/retarget.c.obj
 .debug_abbrev  0x00000a88       0xe2 CMakeFiles/Test.elf.dir/Core/Src/stm32l4xx_hal_msp.c.obj
 .debug_abbrev  0x00000b6a      0x15b CMakeFiles/Test.elf.dir/Core/Src/stm32l4xx_it.c.obj
 .debug_abbrev  0x00000cc5      0x1a3 CMakeFiles/Test.elf.dir/Core/Src/syscalls.c.obj
 .debug_abbrev  0x00000e68       0xe7 CMakeFiles/Test.elf.dir/Core/Src/sysmem.c.obj
 .debug_abbrev  0x00000f4f      0x119 CMakeFiles/Test.elf.dir/Core/Src/system_stm32l4xx.c.obj
 .debug_abbrev  0x00001068      0x203 CMakeFiles/Test.elf.dir/Core/Src/usart.c.obj
 .debug_abbrev  0x0000126b       0x12 CMakeFiles/Test.elf.dir/Core/Startup/startup_stm32l496vetx.s.obj
 .debug_abbrev  0x0000127d      0x22a CMakeFiles/Test.elf.dir/Drivers/STM32L4xx_HAL_Driver/Src/stm32l4xx_hal.c.obj
 .debug_abbrev  0x000014a7      0x36a CMakeFiles/Test.elf.dir/Drivers/STM32L4xx_HAL_Driver/Src/stm32l4xx_hal_cortex.c.obj
 .debug_abbrev  0x00001811      0x21a CMakeFiles/Test.elf.dir/Drivers/STM32L4xx_HAL_Driver/Src/stm32l4xx_hal_dma.c.obj
 .debug_abbrev  0x00001a2b      0x1e6 CMakeFiles/Test.elf.dir/Drivers/STM32L4xx_HAL_Driver/Src/stm32l4xx_hal_gpio.c.obj
 .debug_abbrev  0x00001c11      0x215 CMakeFiles/Test.elf.dir/Drivers/STM32L4xx_HAL_Driver/Src/stm32l4xx_hal_pwr_ex.c.obj
 .debug_abbrev  0x00001e26      0x251 CMakeFiles/Test.elf.dir/Drivers/STM32L4xx_HAL_Driver/Src/stm32l4xx_hal_rcc.c.obj
 .debug_abbrev  0x00002077      0x275 CMakeFiles/Test.elf.dir/Drivers/STM32L4xx_HAL_Driver/Src/stm32l4xx_hal_rcc_ex.c.obj
 .debug_abbrev  0x000022ec      0x2d9 CMakeFiles/Test.elf.dir/Drivers/STM32L4xx_HAL_Driver/Src/stm32l4xx_hal_uart.c.obj
 .debug_abbrev  0x000025c5      0x2bc CMakeFiles/Test.elf.dir/Drivers/STM32L4xx_HAL_Driver/Src/stm32l4xx_hal_uart_ex.c.obj

.debug_aranges  0x00000000      0xb00
 .debug_aranges
                0x00000000       0x20 CMakeFiles/Test.elf.dir/Core/Src/beep.c.obj
 .debug_aranges
                0x00000020       0x20 CMakeFiles/Test.elf.dir/Core/Src/gpio.c.obj
 .debug_aranges
                0x00000040       0x28 CMakeFiles/Test.elf.dir/Core/Src/key.c.obj
 .debug_aranges
                0x00000068       0x20 CMakeFiles/Test.elf.dir/Core/Src/led.c.obj
 .debug_aranges
                0x00000088       0x38 CMakeFiles/Test.elf.dir/Core/Src/main.c.obj
 .debug_aranges
                0x000000c0       0x50 CMakeFiles/Test.elf.dir/Core/Src/retarget.c.obj
 .debug_aranges
                0x00000110       0x20 CMakeFiles/Test.elf.dir/Core/Src/stm32l4xx_hal_msp.c.obj
 .debug_aranges
                0x00000130       0x68 CMakeFiles/Test.elf.dir/Core/Src/stm32l4xx_it.c.obj
 .debug_aranges
                0x00000198       0x88 CMakeFiles/Test.elf.dir/Core/Src/syscalls.c.obj
 .debug_aranges
                0x00000220       0x20 CMakeFiles/Test.elf.dir/Core/Src/sysmem.c.obj
 .debug_aranges
                0x00000240       0x28 CMakeFiles/Test.elf.dir/Core/Src/system_stm32l4xx.c.obj
 .debug_aranges
                0x00000268       0x30 CMakeFiles/Test.elf.dir/Core/Src/usart.c.obj
 .debug_aranges
                0x00000298       0x28 CMakeFiles/Test.elf.dir/Core/Startup/startup_stm32l496vetx.s.obj
 .debug_aranges
                0x000002c0      0x130 CMakeFiles/Test.elf.dir/Drivers/STM32L4xx_HAL_Driver/Src/stm32l4xx_hal.c.obj
 .debug_aranges
                0x000003f0       0xa8 CMakeFiles/Test.elf.dir/Drivers/STM32L4xx_HAL_Driver/Src/stm32l4xx_hal_cortex.c.obj
 .debug_aranges
                0x00000498       0x80 CMakeFiles/Test.elf.dir/Drivers/STM32L4xx_HAL_Driver/Src/stm32l4xx_hal_dma.c.obj
 .debug_aranges
                0x00000518       0x58 CMakeFiles/Test.elf.dir/Drivers/STM32L4xx_HAL_Driver/Src/stm32l4xx_hal_gpio.c.obj
 .debug_aranges
                0x00000570      0x150 CMakeFiles/Test.elf.dir/Drivers/STM32L4xx_HAL_Driver/Src/stm32l4xx_hal_pwr_ex.c.obj
 .debug_aranges
                0x000006c0       0x90 CMakeFiles/Test.elf.dir/Drivers/STM32L4xx_HAL_Driver/Src/stm32l4xx_hal_rcc.c.obj
 .debug_aranges
                0x00000750      0x108 CMakeFiles/Test.elf.dir/Drivers/STM32L4xx_HAL_Driver/Src/stm32l4xx_hal_rcc_ex.c.obj
 .debug_aranges
                0x00000858      0x228 CMakeFiles/Test.elf.dir/Drivers/STM32L4xx_HAL_Driver/Src/stm32l4xx_hal_uart.c.obj
 .debug_aranges
                0x00000a80       0x80 CMakeFiles/Test.elf.dir/Drivers/STM32L4xx_HAL_Driver/Src/stm32l4xx_hal_uart_ex.c.obj

.debug_ranges   0x00000000      0xa68
 .debug_ranges  0x00000000       0x10 CMakeFiles/Test.elf.dir/Core/Src/beep.c.obj
 .debug_ranges  0x00000010       0x10 CMakeFiles/Test.elf.dir/Core/Src/gpio.c.obj
 .debug_ranges  0x00000020       0x18 CMakeFiles/Test.elf.dir/Core/Src/key.c.obj
 .debug_ranges  0x00000038       0x10 CMakeFiles/Test.elf.dir/Core/Src/led.c.obj
 .debug_ranges  0x00000048       0x28 CMakeFiles/Test.elf.dir/Core/Src/main.c.obj
 .debug_ranges  0x00000070       0x40 CMakeFiles/Test.elf.dir/Core/Src/retarget.c.obj
 .debug_ranges  0x000000b0       0x10 CMakeFiles/Test.elf.dir/Core/Src/stm32l4xx_hal_msp.c.obj
 .debug_ranges  0x000000c0       0x58 CMakeFiles/Test.elf.dir/Core/Src/stm32l4xx_it.c.obj
 .debug_ranges  0x00000118       0x78 CMakeFiles/Test.elf.dir/Core/Src/syscalls.c.obj
 .debug_ranges  0x00000190       0x10 CMakeFiles/Test.elf.dir/Core/Src/sysmem.c.obj
 .debug_ranges  0x000001a0       0x18 CMakeFiles/Test.elf.dir/Core/Src/system_stm32l4xx.c.obj
 .debug_ranges  0x000001b8       0x20 CMakeFiles/Test.elf.dir/Core/Src/usart.c.obj
 .debug_ranges  0x000001d8       0x20 CMakeFiles/Test.elf.dir/Core/Startup/startup_stm32l496vetx.s.obj
 .debug_ranges  0x000001f8      0x120 CMakeFiles/Test.elf.dir/Drivers/STM32L4xx_HAL_Driver/Src/stm32l4xx_hal.c.obj
 .debug_ranges  0x00000318       0xf8 CMakeFiles/Test.elf.dir/Drivers/STM32L4xx_HAL_Driver/Src/stm32l4xx_hal_cortex.c.obj
 .debug_ranges  0x00000410       0x70 CMakeFiles/Test.elf.dir/Drivers/STM32L4xx_HAL_Driver/Src/stm32l4xx_hal_dma.c.obj
 .debug_ranges  0x00000480       0x48 CMakeFiles/Test.elf.dir/Drivers/STM32L4xx_HAL_Driver/Src/stm32l4xx_hal_gpio.c.obj
 .debug_ranges  0x000004c8      0x140 CMakeFiles/Test.elf.dir/Drivers/STM32L4xx_HAL_Driver/Src/stm32l4xx_hal_pwr_ex.c.obj
 .debug_ranges  0x00000608       0x98 CMakeFiles/Test.elf.dir/Drivers/STM32L4xx_HAL_Driver/Src/stm32l4xx_hal_rcc.c.obj
 .debug_ranges  0x000006a0      0x110 CMakeFiles/Test.elf.dir/Drivers/STM32L4xx_HAL_Driver/Src/stm32l4xx_hal_rcc_ex.c.obj
 .debug_ranges  0x000007b0      0x230 CMakeFiles/Test.elf.dir/Drivers/STM32L4xx_HAL_Driver/Src/stm32l4xx_hal_uart.c.obj
 .debug_ranges  0x000009e0       0x88 CMakeFiles/Test.elf.dir/Drivers/STM32L4xx_HAL_Driver/Src/stm32l4xx_hal_uart_ex.c.obj

.debug_line     0x00000000     0xd46a
 .debug_line    0x00000000      0x1d9 CMakeFiles/Test.elf.dir/Core/Src/beep.c.obj
 .debug_line    0x000001d9      0x22a CMakeFiles/Test.elf.dir/Core/Src/gpio.c.obj
 .debug_line    0x00000403      0x352 CMakeFiles/Test.elf.dir/Core/Src/key.c.obj
 .debug_line    0x00000755      0x1d8 CMakeFiles/Test.elf.dir/Core/Src/led.c.obj
 .debug_line    0x0000092d      0x502 CMakeFiles/Test.elf.dir/Core/Src/main.c.obj
 .debug_line    0x00000e2f      0x445 CMakeFiles/Test.elf.dir/Core/Src/retarget.c.obj
 .debug_line    0x00001274      0x1cd CMakeFiles/Test.elf.dir/Core/Src/stm32l4xx_hal_msp.c.obj
 .debug_line    0x00001441      0x306 CMakeFiles/Test.elf.dir/Core/Src/stm32l4xx_it.c.obj
 .debug_line    0x00001747      0x386 CMakeFiles/Test.elf.dir/Core/Src/syscalls.c.obj
 .debug_line    0x00001acd      0x1aa CMakeFiles/Test.elf.dir/Core/Src/sysmem.c.obj
 .debug_line    0x00001c77      0x27f CMakeFiles/Test.elf.dir/Core/Src/system_stm32l4xx.c.obj
 .debug_line    0x00001ef6      0x39b CMakeFiles/Test.elf.dir/Core/Src/usart.c.obj
 .debug_line    0x00002291       0xa3 CMakeFiles/Test.elf.dir/Core/Startup/startup_stm32l496vetx.s.obj
 .debug_line    0x00002334      0x6e6 CMakeFiles/Test.elf.dir/Drivers/STM32L4xx_HAL_Driver/Src/stm32l4xx_hal.c.obj
 .debug_line    0x00002a1a      0x7c1 CMakeFiles/Test.elf.dir/Drivers/STM32L4xx_HAL_Driver/Src/stm32l4xx_hal_cortex.c.obj
 .debug_line    0x000031db      0xa71 CMakeFiles/Test.elf.dir/Drivers/STM32L4xx_HAL_Driver/Src/stm32l4xx_hal_dma.c.obj
 .debug_line    0x00003c4c      0x6c6 CMakeFiles/Test.elf.dir/Drivers/STM32L4xx_HAL_Driver/Src/stm32l4xx_hal_gpio.c.obj
 .debug_line    0x00004312      0xb44 CMakeFiles/Test.elf.dir/Drivers/STM32L4xx_HAL_Driver/Src/stm32l4xx_hal_pwr_ex.c.obj
 .debug_line    0x00004e56      0xf90 CMakeFiles/Test.elf.dir/Drivers/STM32L4xx_HAL_Driver/Src/stm32l4xx_hal_rcc.c.obj
 .debug_line    0x00005de6     0x1908 CMakeFiles/Test.elf.dir/Drivers/STM32L4xx_HAL_Driver/Src/stm32l4xx_hal_rcc_ex.c.obj
 .debug_line    0x000076ee     0x520c CMakeFiles/Test.elf.dir/Drivers/STM32L4xx_HAL_Driver/Src/stm32l4xx_hal_uart.c.obj
 .debug_line    0x0000c8fa      0xb70 CMakeFiles/Test.elf.dir/Drivers/STM32L4xx_HAL_Driver/Src/stm32l4xx_hal_uart_ex.c.obj

.debug_str      0x00000000     0x3fda
 .debug_str     0x00000000      0x39b CMakeFiles/Test.elf.dir/Core/Src/beep.c.obj
                                0x3eb (size before relaxing)
 .debug_str     0x0000039b       0x3b CMakeFiles/Test.elf.dir/Core/Src/gpio.c.obj
                                0x3ee (size before relaxing)
 .debug_str     0x000003d6       0x78 CMakeFiles/Test.elf.dir/Core/Src/key.c.obj
                                0x3fa (size before relaxing)
 .debug_str     0x0000044e       0x36 CMakeFiles/Test.elf.dir/Core/Src/led.c.obj
                                0x3e9 (size before relaxing)
 .debug_str     0x00000484      0x69e CMakeFiles/Test.elf.dir/Core/Src/main.c.obj
                                0x963 (size before relaxing)
 .debug_str     0x00000b22      0x519 CMakeFiles/Test.elf.dir/Core/Src/retarget.c.obj
                                0xbcc (size before relaxing)
 .debug_str     0x0000103b       0x64 CMakeFiles/Test.elf.dir/Core/Src/stm32l4xx_hal_msp.c.obj
                                0x35a (size before relaxing)
 .debug_str     0x0000109f       0xf8 CMakeFiles/Test.elf.dir/Core/Src/stm32l4xx_it.c.obj
                                0x6ee (size before relaxing)
 .debug_str     0x00001197      0x107 CMakeFiles/Test.elf.dir/Core/Src/syscalls.c.obj
                                0x404 (size before relaxing)
 .debug_str     0x0000129e       0x90 CMakeFiles/Test.elf.dir/Core/Src/sysmem.c.obj
                                0x24d (size before relaxing)
 .debug_str     0x0000132e       0xb9 CMakeFiles/Test.elf.dir/Core/Src/system_stm32l4xx.c.obj
                                0x3ba (size before relaxing)
 .debug_str     0x000013e7      0x8bc CMakeFiles/Test.elf.dir/Core/Src/usart.c.obj
                               0x10d7 (size before relaxing)